main.c:119:5:main	240	static
main.c:480:6:Vref	16	static
main.c:506:6:ADC_Select_Rref	32	static
main.c:522:6:ADC_Select_Rread	32	static
main.c:537:6:ADC_Select_ModePin	32	static
main.c:551:6:ADC_Select_Cout	32	static
main.c:565:6:ADC_Select_Cread	32	static
main.c:579:6:deactivate_perif	8	static
main.c:589:6:SystemClock_Config	96	static
main.c:638:13:MX_ADC1_Init	8	static
main.c:679:13:MX_SPI3_Init	8	static
main.c:719:13:MX_TIM1_Init	40	static
main.c:766:13:MX_TIM2_Init	40	static
main.c:811:13:MX_GPIO_Init	40	static
main.c:843:6:ADC_SetActiveChannel	40	static
main.c:855:6:delay_us	16	static
main.c:862:10:pulse_in	24	static
main.c:884:6:set_gpio	48	static
main.c:905:6:HAL_TIM_PeriodElapsedCallback	16	static
main.c:922:6:Error_Handler	4	static,ignoring_inline_asm
