Archive member included to satisfy reference by file (symbol)

d:/stm32cubeide_1.8.0/stm32cubeide/plugins/com.st.stm32cube.ide.mcu.externaltools.gnu-tools-for-stm32.9-2020-q2-update.win32_2.0.0.202105311346/tools/bin/../lib/gcc/arm-none-eabi/9.3.1/../../../../arm-none-eabi/lib/thumb/v7e-m+fp/softfp\libc_nano.a(lib_a-errno.o)
                              ./Core/Src/syscalls.o (__errno)
d:/stm32cubeide_1.8.0/stm32cubeide/plugins/com.st.stm32cube.ide.mcu.externaltools.gnu-tools-for-stm32.9-2020-q2-update.win32_2.0.0.202105311346/tools/bin/../lib/gcc/arm-none-eabi/9.3.1/../../../../arm-none-eabi/lib/thumb/v7e-m+fp/softfp\libc_nano.a(lib_a-exit.o)
                              d:/stm32cubeide_1.8.0/stm32cubeide/plugins/com.st.stm32cube.ide.mcu.externaltools.gnu-tools-for-stm32.9-2020-q2-update.win32_2.0.0.202105311346/tools/bin/../lib/gcc/arm-none-eabi/9.3.1/../../../../arm-none-eabi/lib/thumb/v7e-m+fp/softfp/crt0.o (exit)
d:/stm32cubeide_1.8.0/stm32cubeide/plugins/com.st.stm32cube.ide.mcu.externaltools.gnu-tools-for-stm32.9-2020-q2-update.win32_2.0.0.202105311346/tools/bin/../lib/gcc/arm-none-eabi/9.3.1/../../../../arm-none-eabi/lib/thumb/v7e-m+fp/softfp\libc_nano.a(lib_a-impure.o)
                              d:/stm32cubeide_1.8.0/stm32cubeide/plugins/com.st.stm32cube.ide.mcu.externaltools.gnu-tools-for-stm32.9-2020-q2-update.win32_2.0.0.202105311346/tools/bin/../lib/gcc/arm-none-eabi/9.3.1/../../../../arm-none-eabi/lib/thumb/v7e-m+fp/softfp\libc_nano.a(lib_a-exit.o) (_global_impure_ptr)
d:/stm32cubeide_1.8.0/stm32cubeide/plugins/com.st.stm32cube.ide.mcu.externaltools.gnu-tools-for-stm32.9-2020-q2-update.win32_2.0.0.202105311346/tools/bin/../lib/gcc/arm-none-eabi/9.3.1/../../../../arm-none-eabi/lib/thumb/v7e-m+fp/softfp\libc_nano.a(lib_a-init.o)
                              d:/stm32cubeide_1.8.0/stm32cubeide/plugins/com.st.stm32cube.ide.mcu.externaltools.gnu-tools-for-stm32.9-2020-q2-update.win32_2.0.0.202105311346/tools/bin/../lib/gcc/arm-none-eabi/9.3.1/../../../../arm-none-eabi/lib/thumb/v7e-m+fp/softfp/crt0.o (__libc_init_array)
d:/stm32cubeide_1.8.0/stm32cubeide/plugins/com.st.stm32cube.ide.mcu.externaltools.gnu-tools-for-stm32.9-2020-q2-update.win32_2.0.0.202105311346/tools/bin/../lib/gcc/arm-none-eabi/9.3.1/../../../../arm-none-eabi/lib/thumb/v7e-m+fp/softfp\libc_nano.a(lib_a-memset.o)
                              d:/stm32cubeide_1.8.0/stm32cubeide/plugins/com.st.stm32cube.ide.mcu.externaltools.gnu-tools-for-stm32.9-2020-q2-update.win32_2.0.0.202105311346/tools/bin/../lib/gcc/arm-none-eabi/9.3.1/../../../../arm-none-eabi/lib/thumb/v7e-m+fp/softfp/crt0.o (memset)
d:/stm32cubeide_1.8.0/stm32cubeide/plugins/com.st.stm32cube.ide.mcu.externaltools.gnu-tools-for-stm32.9-2020-q2-update.win32_2.0.0.202105311346/tools/bin/../lib/gcc/arm-none-eabi/9.3.1/../../../../arm-none-eabi/lib/thumb/v7e-m+fp/softfp\libc_nano.a(lib_a-nano-vfprintf_float.o)
                              (_printf_float)
d:/stm32cubeide_1.8.0/stm32cubeide/plugins/com.st.stm32cube.ide.mcu.externaltools.gnu-tools-for-stm32.9-2020-q2-update.win32_2.0.0.202105311346/tools/bin/../lib/gcc/arm-none-eabi/9.3.1/../../../../arm-none-eabi/lib/thumb/v7e-m+fp/softfp\libc_nano.a(lib_a-nano-vfprintf_i.o)
                              d:/stm32cubeide_1.8.0/stm32cubeide/plugins/com.st.stm32cube.ide.mcu.externaltools.gnu-tools-for-stm32.9-2020-q2-update.win32_2.0.0.202105311346/tools/bin/../lib/gcc/arm-none-eabi/9.3.1/../../../../arm-none-eabi/lib/thumb/v7e-m+fp/softfp\libc_nano.a(lib_a-nano-vfprintf_float.o) (_printf_common)
d:/stm32cubeide_1.8.0/stm32cubeide/plugins/com.st.stm32cube.ide.mcu.externaltools.gnu-tools-for-stm32.9-2020-q2-update.win32_2.0.0.202105311346/tools/bin/../lib/gcc/arm-none-eabi/9.3.1/../../../../arm-none-eabi/lib/thumb/v7e-m+fp/softfp\libc_nano.a(lib_a-nano-vfscanf_float.o)
                              (_scanf_float)
d:/stm32cubeide_1.8.0/stm32cubeide/plugins/com.st.stm32cube.ide.mcu.externaltools.gnu-tools-for-stm32.9-2020-q2-update.win32_2.0.0.202105311346/tools/bin/../lib/gcc/arm-none-eabi/9.3.1/../../../../arm-none-eabi/lib/thumb/v7e-m+fp/softfp\libc_nano.a(lib_a-sf_nan.o)
                              d:/stm32cubeide_1.8.0/stm32cubeide/plugins/com.st.stm32cube.ide.mcu.externaltools.gnu-tools-for-stm32.9-2020-q2-update.win32_2.0.0.202105311346/tools/bin/../lib/gcc/arm-none-eabi/9.3.1/../../../../arm-none-eabi/lib/thumb/v7e-m+fp/softfp\libc_nano.a(lib_a-nano-vfscanf_float.o) (nanf)
d:/stm32cubeide_1.8.0/stm32cubeide/plugins/com.st.stm32cube.ide.mcu.externaltools.gnu-tools-for-stm32.9-2020-q2-update.win32_2.0.0.202105311346/tools/bin/../lib/gcc/arm-none-eabi/9.3.1/../../../../arm-none-eabi/lib/thumb/v7e-m+fp/softfp\libc_nano.a(lib_a-sprintf.o)
                              ./Core/Src/main.o (sprintf)
[...]
Memory Configuration

Name             Origin             Length             Attributes
RAM              0x0000000020000000 0x0000000000010000 xrw
RAM2             0x0000000010000000 0x0000000000004000 xrw
FLASH            0x0000000008000000 0x0000000000040000 xr
*default*        0x0000000000000000 0xffffffffffffffff

Linker script and memory map

LOAD d:/stm32cubeide_1.8.0/stm32cubeide/plugins/com.st.stm32cube.ide.mcu.externaltools.gnu-tools-for-stm32.9-2020-q2-update.win32_2.0.0.202105311346/tools/bin/../lib/gcc/arm-none-eabi/9.3.1/thumb/v7e-m+fp/softfp/crti.o
LOAD d:/stm32cubeide_1.8.0/stm32cubeide/plugins/com.st.stm32cube.ide.mcu.externaltools.gnu-tools-for-stm32.9-2020-q2-update.win32_2.0.0.202105311346/tools/bin/../lib/gcc/arm-none-eabi/9.3.1/thumb/v7e-m+fp/softfp/crtbegin.o
LOAD d:/stm32cubeide_1.8.0/stm32cubeide/plugins/com.st.stm32cube.ide.mcu.externaltools.gnu-tools-for-stm32.9-2020-q2-update.win32_2.0.0.202105311346/tools/bin/../lib/gcc/arm-none-eabi/9.3.1/../../../../arm-none-eabi/lib/thumb/v7e-m+fp/softfp/crt0.o
LOAD ./Core/Src/GFX_FUNCTIONS.o
LOAD ./Core/Src/ST7735.o
LOAD ./Core/Src/fonts.o
LOAD ./Core/Src/main.o
LOAD ./Core/Src/stm32l4xx_hal_msp.o
LOAD ./Core/Src/stm32l4xx_hal_timebase_tim.o
LOAD ./Core/Src/stm32l4xx_it.o
LOAD ./Core/Src/syscalls.o
LOAD ./Core/Src/sysmem.o
LOAD ./Core/Src/system_stm32l4xx.o
LOAD ./Core/Startup/startup_stm32l432kcux.o
LOAD ./Drivers/STM32L4xx_HAL_Driver/Src/stm32l4xx_hal.o
LOAD ./Drivers/STM32L4xx_HAL_Driver/Src/stm32l4xx_hal_adc.o
LOAD ./Drivers/STM32L4xx_HAL_Driver/Src/stm32l4xx_hal_adc_ex.o
LOAD ./Drivers/STM32L4xx_HAL_Driver/Src/stm32l4xx_hal_cortex.o
LOAD ./Drivers/STM32L4xx_HAL_Driver/Src/stm32l4xx_hal_dma.o
LOAD ./Drivers/STM32L4xx_HAL_Driver/Src/stm32l4xx_hal_dma_ex.o
LOAD ./Drivers/STM32L4xx_HAL_Driver/Src/stm32l4xx_hal_exti.o
LOAD ./Drivers/STM32L4xx_HAL_Driver/Src/stm32l4xx_hal_flash.o
LOAD ./Drivers/STM32L4xx_HAL_Driver/Src/stm32l4xx_hal_flash_ex.o
LOAD ./Drivers/STM32L4xx_HAL_Driver/Src/stm32l4xx_hal_flash_ramfunc.o
LOAD ./Drivers/STM32L4xx_HAL_Driver/Src/stm32l4xx_hal_gpio.o
LOAD ./Drivers/STM32L4xx_HAL_Driver/Src/stm32l4xx_hal_i2c.o
LOAD ./Drivers/STM32L4xx_HAL_Driver/Src/stm32l4xx_hal_i2c_ex.o
LOAD ./Drivers/STM32L4xx_HAL_Driver/Src/stm32l4xx_hal_pwr.o
LOAD ./Drivers/STM32L4xx_HAL_Driver/Src/stm32l4xx_hal_pwr_ex.o
LOAD ./Drivers/STM32L4xx_HAL_Driver/Src/stm32l4xx_hal_rcc.o
LOAD ./Drivers/STM32L4xx_HAL_Driver/Src/stm32l4xx_hal_rcc_ex.o
LOAD ./Drivers/STM32L4xx_HAL_Driver/Src/stm32l4xx_hal_spi.o
LOAD ./Drivers/STM32L4xx_HAL_Driver/Src/stm32l4xx_hal_spi_ex.o
LOAD ./Drivers/STM32L4xx_HAL_Driver/Src/stm32l4xx_hal_tim.o
LOAD ./Drivers/STM32L4xx_HAL_Driver/Src/stm32l4xx_hal_tim_ex.o
START GROUP
LOAD d:/stm32cubeide_1.8.0/stm32cubeide/plugins/com.st.stm32cube.ide.mcu.externaltools.gnu-tools-for-stm32.9-2020-q2-update.win32_2.0.0.202105311346/tools/bin/../lib/gcc/arm-none-eabi/9.3.1/../../../../arm-none-eabi/lib/thumb/v7e-m+fp/softfp\libc_nano.a
LOAD d:/stm32cubeide_1.8.0/stm32cubeide/plugins/com.st.stm32cube.ide.mcu.externaltools.gnu-tools-for-stm32.9-2020-q2-update.win32_2.0.0.202105311346/tools/bin/../lib/gcc/arm-none-eabi/9.3.1/../../../../arm-none-eabi/lib/thumb/v7e-m+fp/softfp\libm.a
END GROUP
START GROUP
LOAD d:/stm32cubeide_1.8.0/stm32cubeide/plugins/com.st.stm32cube.ide.mcu.externaltools.gnu-tools-for-stm32.9-2020-q2-update.win32_2.0.0.202105311346/tools/bin/../lib/gcc/arm-none-eabi/9.3.1/thumb/v7e-m+fp/softfp\libgcc.a
LOAD d:/stm32cubeide_1.8.0/stm32cubeide/plugins/com.st.stm32cube.ide.mcu.externaltools.gnu-tools-for-stm32.9-2020-q2-update.win32_2.0.0.202105311346/tools/bin/../lib/gcc/arm-none-eabi/9.3.1/../../../../arm-none-eabi/lib/thumb/v7e-m+fp/softfp\libc_nano.a
END GROUP
START GROUP
LOAD d:/stm32cubeide_1.8.0/stm32cubeide/plugins/com.st.stm32cube.ide.mcu.externaltools.gnu-tools-for-stm32.9-2020-q2-update.win32_2.0.0.202105311346/tools/bin/../lib/gcc/arm-none-eabi/9.3.1/thumb/v7e-m+fp/softfp\libgcc.a
LOAD d:/stm32cubeide_1.8.0/stm32cubeide/plugins/com.st.stm32cube.ide.mcu.externaltools.gnu-tools-for-stm32.9-2020-q2-update.win32_2.0.0.202105311346/tools/bin/../lib/gcc/arm-none-eabi/9.3.1/../../../../arm-none-eabi/lib/thumb/v7e-m+fp/softfp\libc_nano.a
LOAD d:/stm32cubeide_1.8.0/stm32cubeide/plugins/com.st.stm32cube.ide.mcu.externaltools.gnu-tools-for-stm32.9-2020-q2-update.win32_2.0.0.202105311346/tools/bin/../lib/gcc/arm-none-eabi/9.3.1/../../../../arm-none-eabi/lib/thumb/v7e-m+fp/softfp\libnosys.a
END GROUP
START GROUP
LOAD d:/stm32cubeide_1.8.0/stm32cubeide/plugins/com.st.stm32cube.ide.mcu.externaltools.gnu-tools-for-stm32.9-2020-q2-update.win32_2.0.0.202105311346/tools/bin/../lib/gcc/arm-none-eabi/9.3.1/thumb/v7e-m+fp/softfp\libgcc.a
LOAD d:/stm32cubeide_1.8.0/stm32cubeide/plugins/com.st.stm32cube.ide.mcu.externaltools.gnu-tools-for-stm32.9-2020-q2-update.win32_2.0.0.202105311346/tools/bin/../lib/gcc/arm-none-eabi/9.3.1/../../../../arm-none-eabi/lib/thumb/v7e-m+fp/softfp\libc_nano.a
LOAD d:/stm32cubeide_1.8.0/stm32cubeide/plugins/com.st.stm32cube.ide.mcu.externaltools.gnu-tools-for-stm32.9-2020-q2-update.win32_2.0.0.202105311346/tools/bin/../lib/gcc/arm-none-eabi/9.3.1/../../../../arm-none-eabi/lib/thumb/v7e-m+fp/softfp\libnosys.a
END GROUP
LOAD d:/stm32cubeide_1.8.0/stm32cubeide/plugins/com.st.stm32cube.ide.mcu.externaltools.gnu-tools-for-stm32.9-2020-q2-update.win32_2.0.0.202105311346/tools/bin/../lib/gcc/arm-none-eabi/9.3.1/thumb/v7e-m+fp/softfp/crtend.o
LOAD d:/stm32cubeide_1.8.0/stm32cubeide/plugins/com.st.stm32cube.ide.mcu.externaltools.gnu-tools-for-stm32.9-2020-q2-update.win32_2.0.0.202105311346/tools/bin/../lib/gcc/arm-none-eabi/9.3.1/thumb/v7e-m+fp/softfp/crtn.o
                0x0000000020010000                _estack = (ORIGIN (RAM) + LENGTH (RAM))
                0x0000000000000200                _Min_Heap_Size = 0x200
                0x0000000000000400                _Min_Stack_Size = 0x400

.isr_vector     0x0000000008000000      0x18c
                0x0000000008000000                . = ALIGN (0x4)
 *(.isr_vector)
 .isr_vector    0x0000000008000000      0x18c ./Core/Startup/startup_stm32l432kcux.o
                0x0000000008000000                g_pfnVectors
                0x000000000800018c                . = ALIGN (0x4)

.text           0x0000000008000190     0xbd7c
                0x0000000008000190                . = ALIGN (0x4)
 *(.text)
 .text          0x0000000008000190       0x40 d:/stm32cubeide_1.8.0/stm32cubeide/plugins/com.st.stm32cube.ide.mcu.externaltools.gnu-tools-for-stm32.9-2020-q2-update.win32_2.0.0.202105311346/tools/bin/../lib/gcc/arm-none-eabi/9.3.1/thumb/v7e-m+fp/softfp/crtbegin.o
 .text          0x00000000080001d0       0x10 d:/stm32cubeide_1.8.0/stm32cubeide/plugins/com.st.stm32cube.ide.mcu.externaltools.gnu-tools-for-stm32.9-2020-q2-update.win32_2.0.0.202105311346/tools/bin/../lib/gcc/arm-none-eabi/9.3.1/../../../../arm-none-eabi/lib/thumb/v7e-m+fp/softfp\libc_nano.a(lib_a-strlen.o)
                0x00000000080001d0                strlen
 .text          0x00000000080001e0       0xa0 d:/stm32cubeide_1.8.0/stm32cubeide/plugins/com.st.stm32cube.ide.mcu.externaltools.gnu-tools-for-stm32.9-2020-q2-update.win32_2.0.0.202105311346/tools/bin/../lib/gcc/arm-none-eabi/9.3.1/../../../../arm-none-eabi/lib/thumb/v7e-m+fp/softfp\libc_nano.a(lib_a-memchr.o)
                0x00000000080001e0                memchr
 .text          0x0000000008000280      0x378 d:/stm32cubeide_1.8.0/stm32cubeide/plugins/com.st.stm32cube.ide.mcu.externaltools.gnu-tools-for-stm32.9-2020-q2-update.win32_2.0.0.202105311346/tools/bin/../lib/gcc/arm-none-eabi/9.3.1/thumb/v7e-m+fp/softfp\libgcc.a(_arm_addsubdf3.o)
                0x0000000008000280                __aeabi_drsub
                0x0000000008000288                __aeabi_dsub
                0x0000000008000288                __subdf3
                0x000000000800028c                __aeabi_dadd
                0x000000000800028c                __adddf3
                0x0000000008000504                __floatunsidf
                0x0000000008000504                __aeabi_ui2d
                0x0000000008000524                __floatsidf
                0x0000000008000524                __aeabi_i2d
                0x0000000008000548                __aeabi_f2d
                0x0000000008000548                __extendsfdf2
                0x000000000800058c                __floatundidf
                0x000000000800058c                __aeabi_ul2d
                0x000000000800059c                __floatdidf
                0x000000000800059c                __aeabi_l2d
 .text          0x00000000080005f8      0x424 d:/stm32cubeide_1.8.0/stm32cubeide/plugins/com.st.stm32cube.ide.mcu.externaltools.gnu-tools-for-stm32.9-2020-q2-update.win32_2.0.0.202105311346/tools/bin/../lib/gcc/arm-none-eabi/9.3.1/thumb/v7e-m+fp/softfp\libgcc.a(_arm_muldivdf3.o)
                0x00000000080005f8                __aeabi_dmul
                0x00000000080005f8                __muldf3
                0x000000000800084c                __divdf3
                0x000000000800084c                __aeabi_ddiv
 .text          0x0000000008000a1c      0x110 d:/stm32cubeide_1.8.0/stm32cubeide/plugins/com.st.stm32cube.ide.mcu.externaltools.gnu-tools-for-stm32.9-2020-q2-update.win32_2.0.0.202105311346/tools/bin/../lib/gcc/arm-none-eabi/9.3.1/thumb/v7e-m+fp/softfp\libgcc.a(_arm_cmpdf2.o)
                0x0000000008000a1c                __gtdf2
                0x0000000008000a1c                __gedf2
                0x0000000008000a24                __ltdf2
                0x0000000008000a24                __ledf2
                0x0000000008000a2c                __nedf2
                0x0000000008000a2c                __eqdf2
                0x0000000008000a2c                __cmpdf2
                0x0000000008000aa8                __aeabi_cdrcmple
                0x0000000008000ab8                __aeabi_cdcmpeq
                0x0000000008000ab8                __aeabi_cdcmple
                0x0000000008000ac8                __aeabi_dcmpeq
                0x0000000008000adc                __aeabi_dcmplt
                0x0000000008000af0                __aeabi_dcmple
                0x0000000008000b04                __aeabi_dcmpge
                0x0000000008000b18                __aeabi_dcmpgt
 .text          0x0000000008000b2c       0x2c d:/stm32cubeide_1.8.0/stm32cubeide/plugins/com.st.stm32cube.ide.mcu.externaltools.gnu-tools-for-stm32.9-2020-q2-update.win32_2.0.0.202105311346/tools/bin/../lib/gcc/arm-none-eabi/9.3.1/thumb/v7e-m+fp/softfp\libgcc.a(_arm_unorddf2.o)
                0x0000000008000b2c                __unorddf2
                0x0000000008000b2c                __aeabi_dcmpun
 .text          0x0000000008000b58       0x50 d:/stm32cubeide_1.8.0/stm32cubeide/plugins/com.st.stm32cube.ide.mcu.externaltools.gnu-tools-for-stm32.9-2020-q2-update.win32_2.0.0.202105311346/tools/bin/../lib/gcc/arm-none-eabi/9.3.1/thumb/v7e-m+fp/softfp\libgcc.a(_arm_fixdfsi.o)
                0x0000000008000b58                __aeabi_d2iz
                0x0000000008000b58                __fixdfsi
 .text          0x0000000008000ba8       0x40 d:/stm32cubeide_1.8.0/stm32cubeide/plugins/com.st.stm32cube.ide.mcu.externaltools.gnu-tools-for-stm32.9-2020-q2-update.win32_2.0.0.202105311346/tools/bin/../lib/gcc/arm-none-eabi/9.3.1/thumb/v7e-m+fp/softfp\libgcc.a(_arm_fixunsdfsi.o)
                0x0000000008000ba8                __aeabi_d2uiz
                0x0000000008000ba8                __fixunsdfsi
 .text          0x0000000008000be8       0xa0 d:/stm32cubeide_1.8.0/stm32cubeide/plugins/com.st.stm32cube.ide.mcu.externaltools.gnu-tools-for-stm32.9-2020-q2-update.win32_2.0.0.202105311346/tools/bin/../lib/gcc/arm-none-eabi/9.3.1/thumb/v7e-m+fp/softfp\libgcc.a(_arm_truncdfsf2.o)
                0x0000000008000be8                __truncdfsf2
                0x0000000008000be8                __aeabi_d2f
 .text          0x0000000008000c88       0x30 d:/stm32cubeide_1.8.0/stm32cubeide/plugins/com.st.stm32cube.ide.mcu.externaltools.gnu-tools-for-stm32.9-2020-q2-update.win32_2.0.0.202105311346/tools/bin/../lib/gcc/arm-none-eabi/9.3.1/thumb/v7e-m+fp/softfp\libgcc.a(_fixdfdi.o)
                0x0000000008000c88                __fixdfdi
                0x0000000008000c88                __aeabi_d2lz
 .text          0x0000000008000cb8       0x3c d:/stm32cubeide_1.8.0/stm32cubeide/plugins/com.st.stm32cube.ide.mcu.externaltools.gnu-tools-for-stm32.9-2020-q2-update.win32_2.0.0.202105311346/tools/bin/../lib/gcc/arm-none-eabi/9.3.1/thumb/v7e-m+fp/softfp\libgcc.a(_fixunsdfdi.o)
                0x0000000008000cb8                __fixunsdfdi
                0x0000000008000cb8                __aeabi_d2ulz
 *(.text*)
 .text.fillRect
                0x0000000008000cf4       0x38 ./Core/Src/GFX_FUNCTIONS.o
                0x0000000008000cf4                fillRect
 .text.fillScreen
                0x0000000008000d2c       0x34 ./Core/Src/GFX_FUNCTIONS.o
                0x0000000008000d2c                fillScreen
 .text.ST7735_Select
                0x0000000008000d60       0x16 ./Core/Src/ST7735.o
                0x0000000008000d60                ST7735_Select
 .text.ST7735_Unselect
                0x0000000008000d76       0x16 ./Core/Src/ST7735.o
                0x0000000008000d76                ST7735_Unselect
 .text.ST7735_Reset
                0x0000000008000d8c       0x2a ./Core/Src/ST7735.o
                0x0000000008000d8c                ST7735_Reset
 *fill*         0x0000000008000db6        0x2 
 .text.ST7735_WriteCommand
                0x0000000008000db8       0x34 ./Core/Src/ST7735.o
                0x0000000008000db8                ST7735_WriteCommand
 .text.ST7735_WriteData
                0x0000000008000dec       0x34 ./Core/Src/ST7735.o
                0x0000000008000dec                ST7735_WriteData
 .text.DisplayInit
                0x0000000008000e20       0x92 ./Core/Src/ST7735.o
                0x0000000008000e20                DisplayInit
 *fill*         0x0000000008000eb2        0x2 
 .text.ST7735_SetAddressWindow
                0x0000000008000eb4       0x90 ./Core/Src/ST7735.o
                0x0000000008000eb4                ST7735_SetAddressWindow
 .text.ST7735_Init
                0x0000000008000f44       0x58 ./Core/Src/ST7735.o
                0x0000000008000f44                ST7735_Init
 .text.ST7735_SetRotation
                0x0000000008000f9c      0x100 ./Core/Src/ST7735.o
                0x0000000008000f9c                ST7735_SetRotation
 .text.ST7735_WriteChar
                0x000000000800109c       0xee ./Core/Src/ST7735.o
                0x000000000800109c                ST7735_WriteChar
 *fill*         0x000000000800118a        0x2 
 .text.ST7735_WriteString
                0x000000000800118c       0xa8 ./Core/Src/ST7735.o
                0x000000000800118c                ST7735_WriteString
 .text.ST7735_FillRectangle
                0x0000000008001234      0x110 ./Core/Src/ST7735.o
                0x0000000008001234                ST7735_FillRectangle
 *fill*         0x0000000008001344        0x4 
 .text.main     0x0000000008001348     0x14bc ./Core/Src/main.o
                0x0000000008001348                main
 .text.Vref     0x0000000008002804       0xd0 ./Core/Src/main.o
                0x0000000008002804                Vref
 .text.ADC_Select_Rref
                0x00000000080028d4       0x4c ./Core/Src/main.o
                0x00000000080028d4                ADC_Select_Rref
 .text.ADC_Select_Rread
                0x0000000008002920       0x4c ./Core/Src/main.o
                0x0000000008002920                ADC_Select_Rread
 .text.ADC_Select_ModePin
                0x000000000800296c       0x40 ./Core/Src/main.o
                0x000000000800296c                ADC_Select_ModePin
 .text.ADC_Select_Cout
                0x00000000080029ac       0x4c ./Core/Src/main.o
                0x00000000080029ac                ADC_Select_Cout
 .text.ADC_Select_Cread
                0x00000000080029f8       0x4c ./Core/Src/main.o
                0x00000000080029f8                ADC_Select_Cread
 .text.deactivate_perif
                0x0000000008002a44       0x28 ./Core/Src/main.o
                0x0000000008002a44                deactivate_perif
 .text.SystemClock_Config
                0x0000000008002a6c       0xa4 ./Core/Src/main.o
                0x0000000008002a6c                SystemClock_Config
 .text.MX_ADC1_Init
                0x0000000008002b10       0x84 ./Core/Src/main.o
 .text.MX_SPI3_Init
                0x0000000008002b94       0x7c ./Core/Src/main.o
 .text.MX_TIM1_Init
                0x0000000008002c10       0xa8 ./Core/Src/main.o
 .text.MX_TIM2_Init
                0x0000000008002cb8       0x9c ./Core/Src/main.o
 .text.MX_GPIO_Init
                0x0000000008002d54       0xac ./Core/Src/main.o
 .text.delay_us
                0x0000000008002e00       0x34 ./Core/Src/main.o
                0x0000000008002e00                delay_us
 .text.pulse_in
                0x0000000008002e34       0x90 ./Core/Src/main.o
                0x0000000008002e34                pulse_in
 .text.set_gpio
                0x0000000008002ec4       0x44 ./Core/Src/main.o
                0x0000000008002ec4                set_gpio
 .text.HAL_TIM_PeriodElapsedCallback
                0x0000000008002f08       0x24 ./Core/Src/main.o
                0x0000000008002f08                HAL_TIM_PeriodElapsedCallback
 .text.Error_Handler
                0x0000000008002f2c        0xa ./Core/Src/main.o
                0x0000000008002f2c                Error_Handler
 *fill*         0x0000000008002f36        0x2 
 .text.HAL_MspInit
                0x0000000008002f38       0x48 ./Core/Src/stm32l4xx_hal_msp.o
                0x0000000008002f38                HAL_MspInit
 .text.HAL_ADC_MspInit
                0x0000000008002f80       0xc8 ./Core/Src/stm32l4xx_hal_msp.o
                0x0000000008002f80                HAL_ADC_MspInit
 .text.HAL_SPI_MspInit
                0x0000000008003048       0x88 ./Core/Src/stm32l4xx_hal_msp.o
                0x0000000008003048                HAL_SPI_MspInit
 .text.HAL_TIM_Base_MspInit
                0x00000000080030d0       0x64 ./Core/Src/stm32l4xx_hal_msp.o
                0x00000000080030d0                HAL_TIM_Base_MspInit
 .text.HAL_InitTick
                0x0000000008003134       0xac ./Core/Src/stm32l4xx_hal_timebase_tim.o
                0x0000000008003134                HAL_InitTick
 .text.NMI_Handler
                0x00000000080031e0        0x6 ./Core/Src/stm32l4xx_it.o
                0x00000000080031e0                NMI_Handler
 .text.HardFault_Handler
                0x00000000080031e6        0x6 ./Core/Src/stm32l4xx_it.o
                0x00000000080031e6                HardFault_Handler
 .text.MemManage_Handler
                0x00000000080031ec        0x6 ./Core/Src/stm32l4xx_it.o
                0x00000000080031ec                MemManage_Handler
 .text.BusFault_Handler
                0x00000000080031f2        0x6 ./Core/Src/stm32l4xx_it.o
                0x00000000080031f2                BusFault_Handler
 .text.UsageFault_Handler
                0x00000000080031f8        0x6 ./Core/Src/stm32l4xx_it.o
                0x00000000080031f8                UsageFault_Handler
 .text.SVC_Handler
                0x00000000080031fe        0xe ./Core/Src/stm32l4xx_it.o
                0x00000000080031fe                SVC_Handler
 .text.DebugMon_Handler
                0x000000000800320c        0xe ./Core/Src/stm32l4xx_it.o
                0x000000000800320c                DebugMon_Handler
 .text.PendSV_Handler
                0x000000000800321a        0xe ./Core/Src/stm32l4xx_it.o
                0x000000000800321a                PendSV_Handler
 .text.SysTick_Handler
                0x0000000008003228        0xe ./Core/Src/stm32l4xx_it.o
                0x0000000008003228                SysTick_Handler
 *fill*         0x0000000008003236        0x2 
 .text.TIM6_DAC_IRQHandler
                0x0000000008003238       0x14 ./Core/Src/stm32l4xx_it.o
                0x0000000008003238                TIM6_DAC_IRQHandler
 .text._getpid  0x000000000800324c       0x10 ./Core/Src/syscalls.o
                0x000000000800324c                _getpid
 .text._kill    0x000000000800325c       0x20 ./Core/Src/syscalls.o
                0x000000000800325c                _kill
 .text._exit    0x000000000800327c       0x14 ./Core/Src/syscalls.o
                0x000000000800327c                _exit
 .text._read    0x0000000008003290       0x3a ./Core/Src/syscalls.o
                0x0000000008003290                _read
 .text._write   0x00000000080032ca       0x38 ./Core/Src/syscalls.o
                0x00000000080032ca                _write
 .text._close   0x0000000008003302       0x18 ./Core/Src/syscalls.o
                0x0000000008003302                _close
 .text._fstat   0x000000000800331a       0x20 ./Core/Src/syscalls.o
                0x000000000800331a                _fstat
 .text._isatty  0x000000000800333a       0x16 ./Core/Src/syscalls.o
                0x000000000800333a                _isatty
 .text._lseek   0x0000000008003350       0x1a ./Core/Src/syscalls.o
                0x0000000008003350                _lseek
 *fill*         0x000000000800336a        0x2 
 .text._sbrk    0x000000000800336c       0x6c ./Core/Src/sysmem.o
                0x000000000800336c                _sbrk
 .text.SystemInit
                0x00000000080033d8       0x24 ./Core/Src/system_stm32l4xx.o
                0x00000000080033d8                SystemInit
 .text.Reset_Handler
                0x00000000080033fc       0x50 ./Core/Startup/startup_stm32l432kcux.o
                0x00000000080033fc                Reset_Handler
 .text.Default_Handler
                0x000000000800344c        0x2 ./Core/Startup/startup_stm32l432kcux.o
                0x000000000800344c                RTC_Alarm_IRQHandler
                0x000000000800344c                EXTI2_IRQHandler
                0x000000000800344c                TIM1_CC_IRQHandler
                0x000000000800344c                TSC_IRQHandler
                0x000000000800344c                TAMP_STAMP_IRQHandler
                0x000000000800344c                EXTI3_IRQHandler
                0x000000000800344c                LPTIM2_IRQHandler
                0x000000000800344c                I2C3_ER_IRQHandler
                0x000000000800344c                EXTI0_IRQHandler
                0x000000000800344c                CAN1_RX0_IRQHandler
                0x000000000800344c                FPU_IRQHandler
                0x000000000800344c                TIM1_UP_TIM16_IRQHandler
                0x000000000800344c                SPI1_IRQHandler
                0x000000000800344c                DMA2_Channel2_IRQHandler
                0x000000000800344c                DMA1_Channel4_IRQHandler
                0x000000000800344c                ADC1_IRQHandler
                0x000000000800344c                DMA1_Channel7_IRQHandler
                0x000000000800344c                CAN1_RX1_IRQHandler
                0x000000000800344c                DMA2_Channel1_IRQHandler
                0x000000000800344c                QUADSPI_IRQHandler
                0x000000000800344c                I2C1_EV_IRQHandler
                0x000000000800344c                DMA1_Channel6_IRQHandler
                0x000000000800344c                DMA2_Channel4_IRQHandler
                0x000000000800344c                RCC_IRQHandler
                0x000000000800344c                TIM1_TRG_COM_IRQHandler
                0x000000000800344c                DMA1_Channel1_IRQHandler
                0x000000000800344c                Default_Handler
                0x000000000800344c                DMA2_Channel7_IRQHandler
                0x000000000800344c                EXTI15_10_IRQHandler
                0x000000000800344c                TIM7_IRQHandler
                0x000000000800344c                I2C3_EV_IRQHandler
                0x000000000800344c                USB_IRQHandler
                0x000000000800344c                EXTI9_5_IRQHandler
                0x000000000800344c                RTC_WKUP_IRQHandler
                0x000000000800344c                PVD_PVM_IRQHandler
                0x000000000800344c                CAN1_TX_IRQHandler
                0x000000000800344c                DMA2_Channel5_IRQHandler
                0x000000000800344c                CRS_IRQHandler
                0x000000000800344c                DMA1_Channel5_IRQHandler
                0x000000000800344c                EXTI4_IRQHandler
                0x000000000800344c                RNG_IRQHandler
                0x000000000800344c                DMA1_Channel3_IRQHandler
                0x000000000800344c                COMP_IRQHandler
                0x000000000800344c                WWDG_IRQHandler
                0x000000000800344c                LPUART1_IRQHandler
                0x000000000800344c                DMA2_Channel6_IRQHandler
                0x000000000800344c                TIM2_IRQHandler
                0x000000000800344c                EXTI1_IRQHandler
                0x000000000800344c                USART2_IRQHandler
                0x000000000800344c                DMA1_Channel2_IRQHandler
                0x000000000800344c                CAN1_SCE_IRQHandler
                0x000000000800344c                FLASH_IRQHandler
                0x000000000800344c                USART1_IRQHandler
                0x000000000800344c                SPI3_IRQHandler
                0x000000000800344c                I2C1_ER_IRQHandler
                0x000000000800344c                SWPMI1_IRQHandler
                0x000000000800344c                LPTIM1_IRQHandler
                0x000000000800344c                SAI1_IRQHandler
                0x000000000800344c                DMA2_Channel3_IRQHandler
                0x000000000800344c                TIM1_BRK_TIM15_IRQHandler
 .text.HAL_Init
                0x000000000800344e       0x30 ./Drivers/STM32L4xx_HAL_Driver/Src/stm32l4xx_hal.o
                0x000000000800344e                HAL_Init
 *fill*         0x000000000800347e        0x2 
 .text.HAL_IncTick
                0x0000000008003480       0x28 ./Drivers/STM32L4xx_HAL_Driver/Src/stm32l4xx_hal.o
                0x0000000008003480                HAL_IncTick
 .text.HAL_GetTick
                0x00000000080034a8       0x18 ./Drivers/STM32L4xx_HAL_Driver/Src/stm32l4xx_hal.o
                0x00000000080034a8                HAL_GetTick
 .text.HAL_Delay
                0x00000000080034c0       0x48 ./Drivers/STM32L4xx_HAL_Driver/Src/stm32l4xx_hal.o
                0x00000000080034c0                HAL_Delay
 .text.LL_ADC_SetCommonClock
                0x0000000008003508       0x26 ./Drivers/STM32L4xx_HAL_Driver/Src/stm32l4xx_hal_adc.o
 .text.LL_ADC_SetCommonPathInternalCh
                0x000000000800352e       0x26 ./Drivers/STM32L4xx_HAL_Driver/Src/stm32l4xx_hal_adc.o
 .text.LL_ADC_GetCommonPathInternalCh
                0x0000000008003554       0x1c ./Drivers/STM32L4xx_HAL_Driver/Src/stm32l4xx_hal_adc.o
 .text.LL_ADC_SetOffset
                0x0000000008003570       0x48 ./Drivers/STM32L4xx_HAL_Driver/Src/stm32l4xx_hal_adc.o
 .text.LL_ADC_GetOffsetChannel
                0x00000000080035b8       0x2c ./Drivers/STM32L4xx_HAL_Driver/Src/stm32l4xx_hal_adc.o
 .text.LL_ADC_SetOffsetState
                0x00000000080035e4       0x36 ./Drivers/STM32L4xx_HAL_Driver/Src/stm32l4xx_hal_adc.o
 .text.LL_ADC_REG_IsTriggerSourceSWStart
                0x000000000800361a       0x26 ./Drivers/STM32L4xx_HAL_Driver/Src/stm32l4xx_hal_adc.o
 .text.LL_ADC_REG_SetSequencerRanks
                0x0000000008003640       0x58 ./Drivers/STM32L4xx_HAL_Driver/Src/stm32l4xx_hal_adc.o
 .text.LL_ADC_SetChannelSamplingTime
                0x0000000008003698       0x56 ./Drivers/STM32L4xx_HAL_Driver/Src/stm32l4xx_hal_adc.o
 *fill*         0x00000000080036ee        0x2 
 .text.LL_ADC_SetChannelSingleDiff
                0x00000000080036f0       0x48 ./Drivers/STM32L4xx_HAL_Driver/Src/stm32l4xx_hal_adc.o
 .text.LL_ADC_DisableDeepPowerDown
                0x0000000008003738       0x24 ./Drivers/STM32L4xx_HAL_Driver/Src/stm32l4xx_hal_adc.o
 .text.LL_ADC_IsDeepPowerDownEnabled
                0x000000000800375c       0x28 ./Drivers/STM32L4xx_HAL_Driver/Src/stm32l4xx_hal_adc.o
 .text.LL_ADC_EnableInternalRegulator
                0x0000000008003784       0x28 ./Drivers/STM32L4xx_HAL_Driver/Src/stm32l4xx_hal_adc.o
 .text.LL_ADC_IsInternalRegulatorEnabled
                0x00000000080037ac       0x28 ./Drivers/STM32L4xx_HAL_Driver/Src/stm32l4xx_hal_adc.o
 .text.LL_ADC_Enable
                0x00000000080037d4       0x28 ./Drivers/STM32L4xx_HAL_Driver/Src/stm32l4xx_hal_adc.o
 .text.LL_ADC_Disable
                0x00000000080037fc       0x28 ./Drivers/STM32L4xx_HAL_Driver/Src/stm32l4xx_hal_adc.o
 .text.LL_ADC_IsEnabled
                0x0000000008003824       0x26 ./Drivers/STM32L4xx_HAL_Driver/Src/stm32l4xx_hal_adc.o
 .text.LL_ADC_IsDisableOngoing
                0x000000000800384a       0x26 ./Drivers/STM32L4xx_HAL_Driver/Src/stm32l4xx_hal_adc.o
 .text.LL_ADC_REG_StartConversion
                0x0000000008003870       0x28 ./Drivers/STM32L4xx_HAL_Driver/Src/stm32l4xx_hal_adc.o
 .text.LL_ADC_REG_StopConversion
                0x0000000008003898       0x28 ./Drivers/STM32L4xx_HAL_Driver/Src/stm32l4xx_hal_adc.o
 .text.LL_ADC_REG_IsConversionOngoing
                0x00000000080038c0       0x26 ./Drivers/STM32L4xx_HAL_Driver/Src/stm32l4xx_hal_adc.o
 .text.LL_ADC_INJ_StopConversion
                0x00000000080038e6       0x28 ./Drivers/STM32L4xx_HAL_Driver/Src/stm32l4xx_hal_adc.o
 .text.LL_ADC_INJ_IsConversionOngoing
                0x000000000800390e       0x26 ./Drivers/STM32L4xx_HAL_Driver/Src/stm32l4xx_hal_adc.o
 .text.HAL_ADC_Init
                0x0000000008003934      0x290 ./Drivers/STM32L4xx_HAL_Driver/Src/stm32l4xx_hal_adc.o
                0x0000000008003934                HAL_ADC_Init
 .text.HAL_ADC_Start
                0x0000000008003bc4       0xc6 ./Drivers/STM32L4xx_HAL_Driver/Src/stm32l4xx_hal_adc.o
                0x0000000008003bc4                HAL_ADC_Start
 .text.HAL_ADC_Stop
                0x0000000008003c8a       0x66 ./Drivers/STM32L4xx_HAL_Driver/Src/stm32l4xx_hal_adc.o
                0x0000000008003c8a                HAL_ADC_Stop
 .text.HAL_ADC_PollForConversion
                0x0000000008003cf0      0x11e ./Drivers/STM32L4xx_HAL_Driver/Src/stm32l4xx_hal_adc.o
                0x0000000008003cf0                HAL_ADC_PollForConversion
 .text.HAL_ADC_GetValue
                0x0000000008003e0e       0x1a ./Drivers/STM32L4xx_HAL_Driver/Src/stm32l4xx_hal_adc.o
                0x0000000008003e0e                HAL_ADC_GetValue
 .text.HAL_ADC_ConfigChannel
                0x0000000008003e28      0x7c0 ./Drivers/STM32L4xx_HAL_Driver/Src/stm32l4xx_hal_adc.o
                0x0000000008003e28                HAL_ADC_ConfigChannel
 .text.ADC_ConversionStop
                0x00000000080045e8      0x178 ./Drivers/STM32L4xx_HAL_Driver/Src/stm32l4xx_hal_adc.o
                0x00000000080045e8                ADC_ConversionStop
 .text.ADC_Enable
                0x0000000008004760      0x10c ./Drivers/STM32L4xx_HAL_Driver/Src/stm32l4xx_hal_adc.o
                0x0000000008004760                ADC_Enable
 .text.ADC_Disable
                0x000000000800486c       0xbe ./Drivers/STM32L4xx_HAL_Driver/Src/stm32l4xx_hal_adc.o
                0x000000000800486c                ADC_Disable
 .text.LL_ADC_StartCalibration
                0x000000000800492a       0x32 ./Drivers/STM32L4xx_HAL_Driver/Src/stm32l4xx_hal_adc_ex.o
 .text.LL_ADC_IsCalibrationOnGoing
                0x000000000800495c       0x28 ./Drivers/STM32L4xx_HAL_Driver/Src/stm32l4xx_hal_adc_ex.o
 .text.HAL_ADCEx_Calibration_Start
                0x0000000008004984       0xc0 ./Drivers/STM32L4xx_HAL_Driver/Src/stm32l4xx_hal_adc_ex.o
                0x0000000008004984                HAL_ADCEx_Calibration_Start
 .text.__NVIC_SetPriorityGrouping
                0x0000000008004a44       0x48 ./Drivers/STM32L4xx_HAL_Driver/Src/stm32l4xx_hal_cortex.o
 .text.__NVIC_GetPriorityGrouping
                0x0000000008004a8c       0x1c ./Drivers/STM32L4xx_HAL_Driver/Src/stm32l4xx_hal_cortex.o
 .text.__NVIC_EnableIRQ
                0x0000000008004aa8       0x3c ./Drivers/STM32L4xx_HAL_Driver/Src/stm32l4xx_hal_cortex.o
 .text.__NVIC_SetPriority
                0x0000000008004ae4       0x54 ./Drivers/STM32L4xx_HAL_Driver/Src/stm32l4xx_hal_cortex.o
 .text.NVIC_EncodePriority
                0x0000000008004b38       0x66 ./Drivers/STM32L4xx_HAL_Driver/Src/stm32l4xx_hal_cortex.o
 .text.HAL_NVIC_SetPriorityGrouping
                0x0000000008004b9e       0x16 ./Drivers/STM32L4xx_HAL_Driver/Src/stm32l4xx_hal_cortex.o
                0x0000000008004b9e                HAL_NVIC_SetPriorityGrouping
 .text.HAL_NVIC_SetPriority
                0x0000000008004bb4       0x38 ./Drivers/STM32L4xx_HAL_Driver/Src/stm32l4xx_hal_cortex.o
                0x0000000008004bb4                HAL_NVIC_SetPriority
 .text.HAL_NVIC_EnableIRQ
                0x0000000008004bec       0x1c ./Drivers/STM32L4xx_HAL_Driver/Src/stm32l4xx_hal_cortex.o
                0x0000000008004bec                HAL_NVIC_EnableIRQ
 .text.HAL_GPIO_Init
                0x0000000008004c08      0x2d4 ./Drivers/STM32L4xx_HAL_Driver/Src/stm32l4xx_hal_gpio.o
                0x0000000008004c08                HAL_GPIO_Init
 .text.HAL_GPIO_ReadPin
                0x0000000008004edc       0x30 ./Drivers/STM32L4xx_HAL_Driver/Src/stm32l4xx_hal_gpio.o
                0x0000000008004edc                HAL_GPIO_ReadPin
 .text.HAL_GPIO_WritePin
                0x0000000008004f0c       0x30 ./Drivers/STM32L4xx_HAL_Driver/Src/stm32l4xx_hal_gpio.o
                0x0000000008004f0c                HAL_GPIO_WritePin
 .text.HAL_PWREx_GetVoltageRange
                0x0000000008004f3c       0x1c ./Drivers/STM32L4xx_HAL_Driver/Src/stm32l4xx_hal_pwr_ex.o
                0x0000000008004f3c                HAL_PWREx_GetVoltageRange
 .text.HAL_PWREx_ControlVoltageScaling
                0x0000000008004f58       0xac ./Drivers/STM32L4xx_HAL_Driver/Src/stm32l4xx_hal_pwr_ex.o
                0x0000000008004f58                HAL_PWREx_ControlVoltageScaling
 .text.HAL_RCC_OscConfig
                0x0000000008005004      0x824 ./Drivers/STM32L4xx_HAL_Driver/Src/stm32l4xx_hal_rcc.o
                0x0000000008005004                HAL_RCC_OscConfig
 .text.HAL_RCC_ClockConfig
                0x0000000008005828      0x200 ./Drivers/STM32L4xx_HAL_Driver/Src/stm32l4xx_hal_rcc.o
                0x0000000008005828                HAL_RCC_ClockConfig
 .text.HAL_RCC_GetSysClockFreq
                0x0000000008005a28      0x118 ./Drivers/STM32L4xx_HAL_Driver/Src/stm32l4xx_hal_rcc.o
                0x0000000008005a28                HAL_RCC_GetSysClockFreq
 .text.HAL_RCC_GetHCLKFreq
                0x0000000008005b40       0x18 ./Drivers/STM32L4xx_HAL_Driver/Src/stm32l4xx_hal_rcc.o
                0x0000000008005b40                HAL_RCC_GetHCLKFreq
 .text.HAL_RCC_GetPCLK1Freq
                0x0000000008005b58       0x2c ./Drivers/STM32L4xx_HAL_Driver/Src/stm32l4xx_hal_rcc.o
                0x0000000008005b58                HAL_RCC_GetPCLK1Freq
 .text.HAL_RCC_GetClockConfig
                0x0000000008005b84       0x64 ./Drivers/STM32L4xx_HAL_Driver/Src/stm32l4xx_hal_rcc.o
                0x0000000008005b84                HAL_RCC_GetClockConfig
 .text.RCC_SetFlashLatencyFromMSIRange
                0x0000000008005be8       0xc0 ./Drivers/STM32L4xx_HAL_Driver/Src/stm32l4xx_hal_rcc.o
 .text.HAL_RCCEx_PeriphCLKConfig
                0x0000000008005ca8      0x3e8 ./Drivers/STM32L4xx_HAL_Driver/Src/stm32l4xx_hal_rcc_ex.o
                0x0000000008005ca8                HAL_RCCEx_PeriphCLKConfig
 .text.RCCEx_PLLSAI1_Config
                0x0000000008006090      0x1e4 ./Drivers/STM32L4xx_HAL_Driver/Src/stm32l4xx_hal_rcc_ex.o
 .text.HAL_SPI_Init
                0x0000000008006274      0x146 ./Drivers/STM32L4xx_HAL_Driver/Src/stm32l4xx_hal_spi.o
                0x0000000008006274                HAL_SPI_Init
 .text.HAL_SPI_Transmit
                0x00000000080063ba      0x2dc ./Drivers/STM32L4xx_HAL_Driver/Src/stm32l4xx_hal_spi.o
                0x00000000080063ba                HAL_SPI_Transmit
 *fill*         0x0000000008006696        0x2 
 .text.SPI_WaitFlagStateUntilTimeout
                0x0000000008006698      0x110 ./Drivers/STM32L4xx_HAL_Driver/Src/stm32l4xx_hal_spi.o
 .text.SPI_WaitFifoStateUntilTimeout
                0x00000000080067a8      0x12c ./Drivers/STM32L4xx_HAL_Driver/Src/stm32l4xx_hal_spi.o
 .text.SPI_EndRxTxTransaction
                0x00000000080068d4       0x8c ./Drivers/STM32L4xx_HAL_Driver/Src/stm32l4xx_hal_spi.o
 .text.HAL_TIM_Base_Init
                0x0000000008006960       0xae ./Drivers/STM32L4xx_HAL_Driver/Src/stm32l4xx_hal_tim.o
                0x0000000008006960                HAL_TIM_Base_Init
 *fill*         0x0000000008006a0e        0x2 
 .text.HAL_TIM_Base_Start
                0x0000000008006a10       0x98 ./Drivers/STM32L4xx_HAL_Driver/Src/stm32l4xx_hal_tim.o
                0x0000000008006a10                HAL_TIM_Base_Start
 .text.HAL_TIM_Base_Start_IT
                0x0000000008006aa8       0xa8 ./Drivers/STM32L4xx_HAL_Driver/Src/stm32l4xx_hal_tim.o
                0x0000000008006aa8                HAL_TIM_Base_Start_IT
 .text.HAL_TIM_IRQHandler
                0x0000000008006b50      0x23e ./Drivers/STM32L4xx_HAL_Driver/Src/stm32l4xx_hal_tim.o
                0x0000000008006b50                HAL_TIM_IRQHandler
 .text.HAL_TIM_ConfigClockSource
                0x0000000008006d8e      0x192 ./Drivers/STM32L4xx_HAL_Driver/Src/stm32l4xx_hal_tim.o
                0x0000000008006d8e                HAL_TIM_ConfigClockSource
 .text.HAL_TIM_OC_DelayElapsedCallback
                0x0000000008006f20       0x14 ./Drivers/STM32L4xx_HAL_Driver/Src/stm32l4xx_hal_tim.o
                0x0000000008006f20                HAL_TIM_OC_DelayElapsedCallback
 .text.HAL_TIM_IC_CaptureCallback
                0x0000000008006f34       0x14 ./Drivers/STM32L4xx_HAL_Driver/Src/stm32l4xx_hal_tim.o
                0x0000000008006f34                HAL_TIM_IC_CaptureCallback
 .text.HAL_TIM_PWM_PulseFinishedCallback
                0x0000000008006f48       0x14 ./Drivers/STM32L4xx_HAL_Driver/Src/stm32l4xx_hal_tim.o
                0x0000000008006f48                HAL_TIM_PWM_PulseFinishedCallback
 .text.HAL_TIM_TriggerCallback
                0x0000000008006f5c       0x14 ./Drivers/STM32L4xx_HAL_Driver/Src/stm32l4xx_hal_tim.o
                0x0000000008006f5c                HAL_TIM_TriggerCallback
 .text.TIM_Base_SetConfig
                0x0000000008006f70       0xc8 ./Drivers/STM32L4xx_HAL_Driver/Src/stm32l4xx_hal_tim.o
                0x0000000008006f70                TIM_Base_SetConfig
 .text.TIM_TI1_ConfigInputStage
                0x0000000008007038       0x5e ./Drivers/STM32L4xx_HAL_Driver/Src/stm32l4xx_hal_tim.o
 .text.TIM_TI2_ConfigInputStage
                0x0000000008007096       0x60 ./Drivers/STM32L4xx_HAL_Driver/Src/stm32l4xx_hal_tim.o
 .text.TIM_ITRx_SetConfig
                0x00000000080070f6       0x36 ./Drivers/STM32L4xx_HAL_Driver/Src/stm32l4xx_hal_tim.o
 .text.TIM_ETR_SetConfig
                0x000000000800712c       0x40 ./Drivers/STM32L4xx_HAL_Driver/Src/stm32l4xx_hal_tim.o
                0x000000000800712c                TIM_ETR_SetConfig
 .text.HAL_TIMEx_MasterConfigSynchronization
                0x000000000800716c       0xcc ./Drivers/STM32L4xx_HAL_Driver/Src/stm32l4xx_hal_tim_ex.o
                0x000000000800716c                HAL_TIMEx_MasterConfigSynchronization
 .text.HAL_TIMEx_CommutCallback
                0x0000000008007238       0x14 ./Drivers/STM32L4xx_HAL_Driver/Src/stm32l4xx_hal_tim_ex.o
                0x0000000008007238                HAL_TIMEx_CommutCallback
 .text.HAL_TIMEx_BreakCallback
                0x000000000800724c       0x14 ./Drivers/STM32L4xx_HAL_Driver/Src/stm32l4xx_hal_tim_ex.o
                0x000000000800724c                HAL_TIMEx_BreakCallback
 .text.HAL_TIMEx_Break2Callback
                0x0000000008007260       0x14 ./Drivers/STM32L4xx_HAL_Driver/Src/stm32l4xx_hal_tim_ex.o
                0x0000000008007260                HAL_TIMEx_Break2Callback
 .text.__errno  0x0000000008007274        0xc d:/stm32cubeide_1.8.0/stm32cubeide/plugins/com.st.stm32cube.ide.mcu.externaltools.gnu-tools-for-stm32.9-2020-q2-update.win32_2.0.0.202105311346/tools/bin/../lib/gcc/arm-none-eabi/9.3.1/../../../../arm-none-eabi/lib/thumb/v7e-m+fp/softfp\libc_nano.a(lib_a-errno.o)
                0x0000000008007274                __errno
 .text.__libc_init_array
                0x0000000008007280       0x48 d:/stm32cubeide_1.8.0/stm32cubeide/plugins/com.st.stm32cube.ide.mcu.externaltools.gnu-tools-for-stm32.9-2020-q2-update.win32_2.0.0.202105311346/tools/bin/../lib/gcc/arm-none-eabi/9.3.1/../../../../arm-none-eabi/lib/thumb/v7e-m+fp/softfp\libc_nano.a(lib_a-init.o)
                0x0000000008007280                __libc_init_array
 .text.memset   0x00000000080072c8       0x10 d:/stm32cubeide_1.8.0/stm32cubeide/plugins/com.st.stm32cube.ide.mcu.externaltools.gnu-tools-for-stm32.9-2020-q2-update.win32_2.0.0.202105311346/tools/bin/../lib/gcc/arm-none-eabi/9.3.1/../../../../arm-none-eabi/lib/thumb/v7e-m+fp/softfp\libc_nano.a(lib_a-memset.o)
                0x00000000080072c8                memset
 .text.__cvt    0x00000000080072d8       0xc2 d:/stm32cubeide_1.8.0/stm32cubeide/plugins/com.st.stm32cube.ide.mcu.externaltools.gnu-tools-for-stm32.9-2020-q2-update.win32_2.0.0.202105311346/tools/bin/../lib/gcc/arm-none-eabi/9.3.1/../../../../arm-none-eabi/lib/thumb/v7e-m+fp/softfp\libc_nano.a(lib_a-nano-vfprintf_float.o)
                0x00000000080072d8                __cvt
 .text.__exponent
                0x000000000800739a       0x7c d:/stm32cubeide_1.8.0/stm32cubeide/plugins/com.st.stm32cube.ide.mcu.externaltools.gnu-tools-for-stm32.9-2020-q2-update.win32_2.0.0.202105311346/tools/bin/../lib/gcc/arm-none-eabi/9.3.1/../../../../arm-none-eabi/lib/thumb/v7e-m+fp/softfp\libc_nano.a(lib_a-nano-vfprintf_float.o)
                0x000000000800739a                __exponent
 *fill*         0x0000000008007416        0x2 
 .text._printf_float
                0x0000000008007418      0x470 d:/stm32cubeide_1.8.0/stm32cubeide/plugins/com.st.stm32cube.ide.mcu.externaltools.gnu-tools-for-stm32.9-2020-q2-update.win32_2.0.0.202105311346/tools/bin/../lib/gcc/arm-none-eabi/9.3.1/../../../../arm-none-eabi/lib/thumb/v7e-m+fp/softfp\libc_nano.a(lib_a-nano-vfprintf_float.o)
                0x0000000008007418                _printf_float
 .text._printf_common
                0x0000000008007888       0xda d:/stm32cubeide_1.8.0/stm32cubeide/plugins/com.st.stm32cube.ide.mcu.externaltools.gnu-tools-for-stm32.9-2020-q2-update.win32_2.0.0.202105311346/tools/bin/../lib/gcc/arm-none-eabi/9.3.1/../../../../arm-none-eabi/lib/thumb/v7e-m+fp/softfp\libc_nano.a(lib_a-nano-vfprintf_i.o)
                0x0000000008007888                _printf_common
 *fill*         0x0000000008007962        0x2 
 .text._printf_i
                0x0000000008007964      0x24c d:/stm32cubeide_1.8.0/stm32cubeide/plugins/com.st.stm32cube.ide.mcu.externaltools.gnu-tools-for-stm32.9-2020-q2-update.win32_2.0.0.202105311346/tools/bin/../lib/gcc/arm-none-eabi/9.3.1/../../../../arm-none-eabi/lib/thumb/v7e-m+fp/softfp\libc_nano.a(lib_a-nano-vfprintf_i.o)
                0x0000000008007964                _printf_i
 .text._scanf_float
                0x0000000008007bb0      0x420 d:/stm32cubeide_1.8.0/stm32cubeide/plugins/com.st.stm32cube.ide.mcu.externaltools.gnu-tools-for-stm32.9-2020-q2-update.win32_2.0.0.202105311346/tools/bin/../lib/gcc/arm-none-eabi/9.3.1/../../../../arm-none-eabi/lib/thumb/v7e-m+fp/softfp\libc_nano.a(lib_a-nano-vfscanf_float.o)
                0x0000000008007bb0                _scanf_float
 .text.nanf     0x0000000008007fd0        0x8 d:/stm32cubeide_1.8.0/stm32cubeide/plugins/com.st.stm32cube.ide.mcu.externaltools.gnu-tools-for-stm32.9-2020-q2-update.win32_2.0.0.202105311346/tools/bin/../lib/gcc/arm-none-eabi/9.3.1/../../../../arm-none-eabi/lib/thumb/v7e-m+fp/softfp\libc_nano.a(lib_a-sf_nan.o)
                0x0000000008007fd0                nanf
 .text.sprintf  0x0000000008007fd8       0x40 d:/stm32cubeide_1.8.0/stm32cubeide/plugins/com.st.stm32cube.ide.mcu.externaltools.gnu-tools-for-stm32.9-2020-q2-update.win32_2.0.0.202105311346/tools/bin/../lib/gcc/arm-none-eabi/9.3.1/../../../../arm-none-eabi/lib/thumb/v7e-m+fp/softfp\libc_nano.a(lib_a-sprintf.o)
                0x0000000008007fd8                siprintf
                0x0000000008007fd8                sprintf
 .text.sulp     0x0000000008008018       0x42 d:/stm32cubeide_1.8.0/stm32cubeide/plugins/com.st.stm32cube.ide.mcu.externaltools.gnu-tools-for-stm32.9-2020-q2-update.win32_2.0.0.202105311346/tools/bin/../lib/gcc/arm-none-eabi/9.3.1/../../../../arm-none-eabi/lib/thumb/v7e-m+fp/softfp\libc_nano.a(lib_a-strtod.o)
 *fill*         0x000000000800805a        0x6 
 .text._strtod_l
                0x0000000008008060      0xc0c d:/stm32cubeide_1.8.0/stm32cubeide/plugins/com.st.stm32cube.ide.mcu.externaltools.gnu-tools-for-stm32.9-2020-q2-update.win32_2.0.0.202105311346/tools/bin/../lib/gcc/arm-none-eabi/9.3.1/../../../../arm-none-eabi/lib/thumb/v7e-m+fp/softfp\libc_nano.a(lib_a-strtod.o)
                0x0000000008008060                _strtod_l
 .text._strtod_r
                0x0000000008008c6c        0xc d:/stm32cubeide_1.8.0/stm32cubeide/plugins/com.st.stm32cube.ide.mcu.externaltools.gnu-tools-for-stm32.9-2020-q2-update.win32_2.0.0.202105311346/tools/bin/../lib/gcc/arm-none-eabi/9.3.1/../../../../arm-none-eabi/lib/thumb/v7e-m+fp/softfp\libc_nano.a(lib_a-strtod.o)
                0x0000000008008c6c                _strtod_r
 .text._strtol_l.isra.0
                0x0000000008008c78      0x108 d:/stm32cubeide_1.8.0/stm32cubeide/plugins/com.st.stm32cube.ide.mcu.externaltools.gnu-tools-for-stm32.9-2020-q2-update.win32_2.0.0.202105311346/tools/bin/../lib/gcc/arm-none-eabi/9.3.1/../../../../arm-none-eabi/lib/thumb/v7e-m+fp/softfp\libc_nano.a(lib_a-strtol.o)
 .text._strtol_r
                0x0000000008008d80        0x4 d:/stm32cubeide_1.8.0/stm32cubeide/plugins/com.st.stm32cube.ide.mcu.externaltools.gnu-tools-for-stm32.9-2020-q2-update.win32_2.0.0.202105311346/tools/bin/../lib/gcc/arm-none-eabi/9.3.1/../../../../arm-none-eabi/lib/thumb/v7e-m+fp/softfp\libc_nano.a(lib_a-strtol.o)
                0x0000000008008d80                _strtol_r
 .text.quorem   0x0000000008008d84      0x116 d:/stm32cubeide_1.8.0/stm32cubeide/plugins/com.st.stm32cube.ide.mcu.externaltools.gnu-tools-for-stm32.9-2020-q2-update.win32_2.0.0.202105311346/tools/bin/../lib/gcc/arm-none-eabi/9.3.1/../../../../arm-none-eabi/lib/thumb/v7e-m+fp/softfp\libc_nano.a(lib_a-dtoa.o)
 *fill*         0x0000000008008e9a        0x6 
 .text._dtoa_r  0x0000000008008ea0      0xbd8 d:/stm32cubeide_1.8.0/stm32cubeide/plugins/com.st.stm32cube.ide.mcu.externaltools.gnu-tools-for-stm32.9-2020-q2-update.win32_2.0.0.202105311346/tools/bin/../lib/gcc/arm-none-eabi/9.3.1/../../../../arm-none-eabi/lib/thumb/v7e-m+fp/softfp\libc_nano.a(lib_a-dtoa.o)
                0x0000000008008ea0                _dtoa_r
 .text.rshift   0x0000000008009a78       0xa4 d:/stm32cubeide_1.8.0/stm32cubeide/plugins/com.st.stm32cube.ide.mcu.externaltools.gnu-tools-for-stm32.9-2020-q2-update.win32_2.0.0.202105311346/tools/bin/../lib/gcc/arm-none-eabi/9.3.1/../../../../arm-none-eabi/lib/thumb/v7e-m+fp/softfp\libc_nano.a(lib_a-gdtoa-gethex.o)
 .text.__hexdig_fun
                0x0000000008009b1c       0x2a d:/stm32cubeide_1.8.0/stm32cubeide/plugins/com.st.stm32cube.ide.mcu.externaltools.gnu-tools-for-stm32.9-2020-q2-update.win32_2.0.0.202105311346/tools/bin/../lib/gcc/arm-none-eabi/9.3.1/../../../../arm-none-eabi/lib/thumb/v7e-m+fp/softfp\libc_nano.a(lib_a-gdtoa-gethex.o)
                0x0000000008009b1c                __hexdig_fun
 *fill*         0x0000000008009b46        0x2 
 .text.__gethex
                0x0000000008009b48      0x48c d:/stm32cubeide_1.8.0/stm32cubeide/plugins/com.st.stm32cube.ide.mcu.externaltools.gnu-tools-for-stm32.9-2020-q2-update.win32_2.0.0.202105311346/tools/bin/../lib/gcc/arm-none-eabi/9.3.1/../../../../arm-none-eabi/lib/thumb/v7e-m+fp/softfp\libc_nano.a(lib_a-gdtoa-gethex.o)
                0x0000000008009b48                __gethex
 .text.L_shift  0x0000000008009fd4       0x24 d:/stm32cubeide_1.8.0/stm32cubeide/plugins/com.st.stm32cube.ide.mcu.externaltools.gnu-tools-for-stm32.9-2020-q2-update.win32_2.0.0.202105311346/tools/bin/../lib/gcc/arm-none-eabi/9.3.1/../../../../arm-none-eabi/lib/thumb/v7e-m+fp/softfp\libc_nano.a(lib_a-gdtoa-hexnan.o)
 .text.__match  0x0000000008009ff8       0x28 d:/stm32cubeide_1.8.0/stm32cubeide/plugins/com.st.stm32cube.ide.mcu.externaltools.gnu-tools-for-stm32.9-2020-q2-update.win32_2.0.0.202105311346/tools/bin/../lib/gcc/arm-none-eabi/9.3.1/../../../../arm-none-eabi/lib/thumb/v7e-m+fp/softfp\libc_nano.a(lib_a-gdtoa-hexnan.o)
                0x0000000008009ff8                __match
 .text.__hexnan
                0x000000000800a020      0x138 d:/stm32cubeide_1.8.0/stm32cubeide/plugins/com.st.stm32cube.ide.mcu.externaltools.gnu-tools-for-stm32.9-2020-q2-update.win32_2.0.0.202105311346/tools/bin/../lib/gcc/arm-none-eabi/9.3.1/../../../../arm-none-eabi/lib/thumb/v7e-m+fp/softfp\libc_nano.a(lib_a-gdtoa-hexnan.o)
                0x000000000800a020                __hexnan
 .text._localeconv_r
                0x000000000800a158        0x8 d:/stm32cubeide_1.8.0/stm32cubeide/plugins/com.st.stm32cube.ide.mcu.externaltools.gnu-tools-for-stm32.9-2020-q2-update.win32_2.0.0.202105311346/tools/bin/../lib/gcc/arm-none-eabi/9.3.1/../../../../arm-none-eabi/lib/thumb/v7e-m+fp/softfp\libc_nano.a(lib_a-localeconv.o)
                0x000000000800a158                _localeconv_r
 .text.malloc   0x000000000800a160       0x10 d:/stm32cubeide_1.8.0/stm32cubeide/plugins/com.st.stm32cube.ide.mcu.externaltools.gnu-tools-for-stm32.9-2020-q2-update.win32_2.0.0.202105311346/tools/bin/../lib/gcc/arm-none-eabi/9.3.1/../../../../arm-none-eabi/lib/thumb/v7e-m+fp/softfp\libc_nano.a(lib_a-malloc.o)
                0x000000000800a160                malloc
 .text.__ascii_mbtowc
                0x000000000800a170       0x24 d:/stm32cubeide_1.8.0/stm32cubeide/plugins/com.st.stm32cube.ide.mcu.externaltools.gnu-tools-for-stm32.9-2020-q2-update.win32_2.0.0.202105311346/tools/bin/../lib/gcc/arm-none-eabi/9.3.1/../../../../arm-none-eabi/lib/thumb/v7e-m+fp/softfp\libc_nano.a(lib_a-mbtowc_r.o)
                0x000000000800a170                __ascii_mbtowc
 .text.memcpy   0x000000000800a194       0x1c d:/stm32cubeide_1.8.0/stm32cubeide/plugins/com.st.stm32cube.ide.mcu.externaltools.gnu-tools-for-stm32.9-2020-q2-update.win32_2.0.0.202105311346/tools/bin/../lib/gcc/arm-none-eabi/9.3.1/../../../../arm-none-eabi/lib/thumb/v7e-m+fp/softfp\libc_nano.a(lib_a-memcpy-stub.o)
                0x000000000800a194                memcpy
 .text._Balloc  0x000000000800a1b0       0x80 d:/stm32cubeide_1.8.0/stm32cubeide/plugins/com.st.stm32cube.ide.mcu.externaltools.gnu-tools-for-stm32.9-2020-q2-update.win32_2.0.0.202105311346/tools/bin/../lib/gcc/arm-none-eabi/9.3.1/../../../../arm-none-eabi/lib/thumb/v7e-m+fp/softfp\libc_nano.a(lib_a-mprec.o)
                0x000000000800a1b0                _Balloc
 .text._Bfree   0x000000000800a230       0x44 d:/stm32cubeide_1.8.0/stm32cubeide/plugins/com.st.stm32cube.ide.mcu.externaltools.gnu-tools-for-stm32.9-2020-q2-update.win32_2.0.0.202105311346/tools/bin/../lib/gcc/arm-none-eabi/9.3.1/../../../../arm-none-eabi/lib/thumb/v7e-m+fp/softfp\libc_nano.a(lib_a-mprec.o)
                0x000000000800a230                _Bfree
 .text.__multadd
                0x000000000800a274       0x94 d:/stm32cubeide_1.8.0/stm32cubeide/plugins/com.st.stm32cube.ide.mcu.externaltools.gnu-tools-for-stm32.9-2020-q2-update.win32_2.0.0.202105311346/tools/bin/../lib/gcc/arm-none-eabi/9.3.1/../../../../arm-none-eabi/lib/thumb/v7e-m+fp/softfp\libc_nano.a(lib_a-mprec.o)
                0x000000000800a274                __multadd
 .text.__s2b    0x000000000800a308       0x94 d:/stm32cubeide_1.8.0/stm32cubeide/plugins/com.st.stm32cube.ide.mcu.externaltools.gnu-tools-for-stm32.9-2020-q2-update.win32_2.0.0.202105311346/tools/bin/../lib/gcc/arm-none-eabi/9.3.1/../../../../arm-none-eabi/lib/thumb/v7e-m+fp/softfp\libc_nano.a(lib_a-mprec.o)
                0x000000000800a308                __s2b
 .text.__hi0bits
                0x000000000800a39c       0x40 d:/stm32cubeide_1.8.0/stm32cubeide/plugins/com.st.stm32cube.ide.mcu.externaltools.gnu-tools-for-stm32.9-2020-q2-update.win32_2.0.0.202105311346/tools/bin/../lib/gcc/arm-none-eabi/9.3.1/../../../../arm-none-eabi/lib/thumb/v7e-m+fp/softfp\libc_nano.a(lib_a-mprec.o)
                0x000000000800a39c                __hi0bits
 .text.__lo0bits
                0x000000000800a3dc       0x60 d:/stm32cubeide_1.8.0/stm32cubeide/plugins/com.st.stm32cube.ide.mcu.externaltools.gnu-tools-for-stm32.9-2020-q2-update.win32_2.0.0.202105311346/tools/bin/../lib/gcc/arm-none-eabi/9.3.1/../../../../arm-none-eabi/lib/thumb/v7e-m+fp/softfp\libc_nano.a(lib_a-mprec.o)
                0x000000000800a3dc                __lo0bits
 .text.__i2b    0x000000000800a43c       0x2c d:/stm32cubeide_1.8.0/stm32cubeide/plugins/com.st.stm32cube.ide.mcu.externaltools.gnu-tools-for-stm32.9-2020-q2-update.win32_2.0.0.202105311346/tools/bin/../lib/gcc/arm-none-eabi/9.3.1/../../../../arm-none-eabi/lib/thumb/v7e-m+fp/softfp\libc_nano.a(lib_a-mprec.o)
                0x000000000800a43c                __i2b
 .text.__multiply
                0x000000000800a468      0x14c d:/stm32cubeide_1.8.0/stm32cubeide/plugins/com.st.stm32cube.ide.mcu.externaltools.gnu-tools-for-stm32.9-2020-q2-update.win32_2.0.0.202105311346/tools/bin/../lib/gcc/arm-none-eabi/9.3.1/../../../../arm-none-eabi/lib/thumb/v7e-m+fp/softfp\libc_nano.a(lib_a-mprec.o)
                0x000000000800a468                __multiply
 .text.__pow5mult
                0x000000000800a5b4       0xb4 d:/stm32cubeide_1.8.0/stm32cubeide/plugins/com.st.stm32cube.ide.mcu.externaltools.gnu-tools-for-stm32.9-2020-q2-update.win32_2.0.0.202105311346/tools/bin/../lib/gcc/arm-none-eabi/9.3.1/../../../../arm-none-eabi/lib/thumb/v7e-m+fp/softfp\libc_nano.a(lib_a-mprec.o)
                0x000000000800a5b4                __pow5mult
 .text.__lshift
                0x000000000800a668       0xd8 d:/stm32cubeide_1.8.0/stm32cubeide/plugins/com.st.stm32cube.ide.mcu.externaltools.gnu-tools-for-stm32.9-2020-q2-update.win32_2.0.0.202105311346/tools/bin/../lib/gcc/arm-none-eabi/9.3.1/../../../../arm-none-eabi/lib/thumb/v7e-m+fp/softfp\libc_nano.a(lib_a-mprec.o)
                0x000000000800a668                __lshift
 .text.__mcmp   0x000000000800a740       0x38 d:/stm32cubeide_1.8.0/stm32cubeide/plugins/com.st.stm32cube.ide.mcu.externaltools.gnu-tools-for-stm32.9-2020-q2-update.win32_2.0.0.202105311346/tools/bin/../lib/gcc/arm-none-eabi/9.3.1/../../../../arm-none-eabi/lib/thumb/v7e-m+fp/softfp\libc_nano.a(lib_a-mprec.o)
                0x000000000800a740                __mcmp
 .text.__mdiff  0x000000000800a778      0x110 d:/stm32cubeide_1.8.0/stm32cubeide/plugins/com.st.stm32cube.ide.mcu.externaltools.gnu-tools-for-stm32.9-2020-q2-update.win32_2.0.0.202105311346/tools/bin/../lib/gcc/arm-none-eabi/9.3.1/../../../../arm-none-eabi/lib/thumb/v7e-m+fp/softfp\libc_nano.a(lib_a-mprec.o)
                0x000000000800a778                __mdiff
 .text.__ulp    0x000000000800a888       0x4c d:/stm32cubeide_1.8.0/stm32cubeide/plugins/com.st.stm32cube.ide.mcu.externaltools.gnu-tools-for-stm32.9-2020-q2-update.win32_2.0.0.202105311346/tools/bin/../lib/gcc/arm-none-eabi/9.3.1/../../../../arm-none-eabi/lib/thumb/v7e-m+fp/softfp\libc_nano.a(lib_a-mprec.o)
                0x000000000800a888                __ulp
 .text.__b2d    0x000000000800a8d4       0xa8 d:/stm32cubeide_1.8.0/stm32cubeide/plugins/com.st.stm32cube.ide.mcu.externaltools.gnu-tools-for-stm32.9-2020-q2-update.win32_2.0.0.202105311346/tools/bin/../lib/gcc/arm-none-eabi/9.3.1/../../../../arm-none-eabi/lib/thumb/v7e-m+fp/softfp\libc_nano.a(lib_a-mprec.o)
                0x000000000800a8d4                __b2d
 .text.__d2b    0x000000000800a97c       0xb4 d:/stm32cubeide_1.8.0/stm32cubeide/plugins/com.st.stm32cube.ide.mcu.externaltools.gnu-tools-for-stm32.9-2020-q2-update.win32_2.0.0.202105311346/tools/bin/../lib/gcc/arm-none-eabi/9.3.1/../../../../arm-none-eabi/lib/thumb/v7e-m+fp/softfp\libc_nano.a(lib_a-mprec.o)
                0x000000000800a97c                __d2b
 .text.__ratio  0x000000000800aa30       0x5c d:/stm32cubeide_1.8.0/stm32cubeide/plugins/com.st.stm32cube.ide.mcu.externaltools.gnu-tools-for-stm32.9-2020-q2-update.win32_2.0.0.202105311346/tools/bin/../lib/gcc/arm-none-eabi/9.3.1/../../../../arm-none-eabi/lib/thumb/v7e-m+fp/softfp\libc_nano.a(lib_a-mprec.o)
                0x000000000800aa30                __ratio
 .text.__copybits
                0x000000000800aa8c       0x46 d:/stm32cubeide_1.8.0/stm32cubeide/plugins/com.st.stm32cube.ide.mcu.externaltools.gnu-tools-for-stm32.9-2020-q2-update.win32_2.0.0.202105311346/tools/bin/../lib/gcc/arm-none-eabi/9.3.1/../../../../arm-none-eabi/lib/thumb/v7e-m+fp/softfp\libc_nano.a(lib_a-mprec.o)
                0x000000000800aa8c                __copybits
 .text.__any_on
                0x000000000800aad2       0x42 d:/stm32cubeide_1.8.0/stm32cubeide/plugins/com.st.stm32cube.ide.mcu.externaltools.gnu-tools-for-stm32.9-2020-q2-update.win32_2.0.0.202105311346/tools/bin/../lib/gcc/arm-none-eabi/9.3.1/../../../../arm-none-eabi/lib/thumb/v7e-m+fp/softfp\libc_nano.a(lib_a-mprec.o)
                0x000000000800aad2                __any_on
 .text._calloc_r
                0x000000000800ab14       0x1e d:/stm32cubeide_1.8.0/stm32cubeide/plugins/com.st.stm32cube.ide.mcu.externaltools.gnu-tools-for-stm32.9-2020-q2-update.win32_2.0.0.202105311346/tools/bin/../lib/gcc/arm-none-eabi/9.3.1/../../../../arm-none-eabi/lib/thumb/v7e-m+fp/softfp\libc_nano.a(lib_a-nano-callocr.o)
                0x000000000800ab14                _calloc_r
 *fill*         0x000000000800ab32        0x2 
 .text._free_r  0x000000000800ab34       0xa0 d:/stm32cubeide_1.8.0/stm32cubeide/plugins/com.st.stm32cube.ide.mcu.externaltools.gnu-tools-for-stm32.9-2020-q2-update.win32_2.0.0.202105311346/tools/bin/../lib/gcc/arm-none-eabi/9.3.1/../../../../arm-none-eabi/lib/thumb/v7e-m+fp/softfp\libc_nano.a(lib_a-nano-freer.o)
                0x000000000800ab34                _free_r
 .text._malloc_r
                0x000000000800abd4       0xb4 d:/stm32cubeide_1.8.0/stm32cubeide/plugins/com.st.stm32cube.ide.mcu.externaltools.gnu-tools-for-stm32.9-2020-q2-update.win32_2.0.0.202105311346/tools/bin/../lib/gcc/arm-none-eabi/9.3.1/../../../../arm-none-eabi/lib/thumb/v7e-m+fp/softfp\libc_nano.a(lib_a-nano-mallocr.o)
                0x000000000800abd4                _malloc_r
 .text.__ssputs_r
                0x000000000800ac88       0xb6 d:/stm32cubeide_1.8.0/stm32cubeide/plugins/com.st.stm32cube.ide.mcu.externaltools.gnu-tools-for-stm32.9-2020-q2-update.win32_2.0.0.202105311346/tools/bin/../lib/gcc/arm-none-eabi/9.3.1/../../../../arm-none-eabi/lib/thumb/v7e-m+fp/softfp\libc_nano.a(lib_a-nano-svfprintf.o)
                0x000000000800ac88                __ssputs_r
 *fill*         0x000000000800ad3e        0x2 
 .text._svfprintf_r
                0x000000000800ad40      0x200 d:/stm32cubeide_1.8.0/stm32cubeide/plugins/com.st.stm32cube.ide.mcu.externaltools.gnu-tools-for-stm32.9-2020-q2-update.win32_2.0.0.202105311346/tools/bin/../lib/gcc/arm-none-eabi/9.3.1/../../../../arm-none-eabi/lib/thumb/v7e-m+fp/softfp\libc_nano.a(lib_a-nano-svfprintf.o)
                0x000000000800ad40                _svfiprintf_r
                0x000000000800ad40                _svfprintf_r
 .text.nan      0x000000000800af40        0xc d:/stm32cubeide_1.8.0/stm32cubeide/plugins/com.st.stm32cube.ide.mcu.externaltools.gnu-tools-for-stm32.9-2020-q2-update.win32_2.0.0.202105311346/tools/bin/../lib/gcc/arm-none-eabi/9.3.1/../../../../arm-none-eabi/lib/thumb/v7e-m+fp/softfp\libc_nano.a(lib_a-s_nan.o)
                0x000000000800af40                nan
 .text._sbrk_r  0x000000000800af4c       0x20 d:/stm32cubeide_1.8.0/stm32cubeide/plugins/com.st.stm32cube.ide.mcu.externaltools.gnu-tools-for-stm32.9-2020-q2-update.win32_2.0.0.202105311346/tools/bin/../lib/gcc/arm-none-eabi/9.3.1/../../../../arm-none-eabi/lib/thumb/v7e-m+fp/softfp\libc_nano.a(lib_a-sbrkr.o)
                0x000000000800af4c                _sbrk_r
 .text.strncmp  0x000000000800af6c       0x24 d:/stm32cubeide_1.8.0/stm32cubeide/plugins/com.st.stm32cube.ide.mcu.externaltools.gnu-tools-for-stm32.9-2020-q2-update.win32_2.0.0.202105311346/tools/bin/../lib/gcc/arm-none-eabi/9.3.1/../../../../arm-none-eabi/lib/thumb/v7e-m+fp/softfp\libc_nano.a(lib_a-strncmp.o)
                0x000000000800af6c                strncmp
 .text.__ascii_wctomb
                0x000000000800af90       0x1a d:/stm32cubeide_1.8.0/stm32cubeide/plugins/com.st.stm32cube.ide.mcu.externaltools.gnu-tools-for-stm32.9-2020-q2-update.win32_2.0.0.202105311346/tools/bin/../lib/gcc/arm-none-eabi/9.3.1/../../../../arm-none-eabi/lib/thumb/v7e-m+fp/softfp\libc_nano.a(lib_a-wctomb_r.o)
                0x000000000800af90                __ascii_wctomb
 *fill*         0x000000000800afaa        0x2 
 .text.__assert_func
                0x000000000800afac       0x3c d:/stm32cubeide_1.8.0/stm32cubeide/plugins/com.st.stm32cube.ide.mcu.externaltools.gnu-tools-for-stm32.9-2020-q2-update.win32_2.0.0.202105311346/tools/bin/../lib/gcc/arm-none-eabi/9.3.1/../../../../arm-none-eabi/lib/thumb/v7e-m+fp/softfp\libc_nano.a(lib_a-assert.o)
                0x000000000800afac                __assert_func
 .text.fprintf  0x000000000800afe8       0x24 d:/stm32cubeide_1.8.0/stm32cubeide/plugins/com.st.stm32cube.ide.mcu.externaltools.gnu-tools-for-stm32.9-2020-q2-update.win32_2.0.0.202105311346/tools/bin/../lib/gcc/arm-none-eabi/9.3.1/../../../../arm-none-eabi/lib/thumb/v7e-m+fp/softfp\libc_nano.a(lib_a-fprintf.o)
                0x000000000800afe8                fiprintf
                0x000000000800afe8                fprintf
 .text.memmove  0x000000000800b00c       0x34 d:/stm32cubeide_1.8.0/stm32cubeide/plugins/com.st.stm32cube.ide.mcu.externaltools.gnu-tools-for-stm32.9-2020-q2-update.win32_2.0.0.202105311346/tools/bin/../lib/gcc/arm-none-eabi/9.3.1/../../../../arm-none-eabi/lib/thumb/v7e-m+fp/softfp\libc_nano.a(lib_a-memmove.o)
                0x000000000800b00c                memmove
 .text.__malloc_lock
                0x000000000800b040        0xc d:/stm32cubeide_1.8.0/stm32cubeide/plugins/com.st.stm32cube.ide.mcu.externaltools.gnu-tools-for-stm32.9-2020-q2-update.win32_2.0.0.202105311346/tools/bin/../lib/gcc/arm-none-eabi/9.3.1/../../../../arm-none-eabi/lib/thumb/v7e-m+fp/softfp\libc_nano.a(lib_a-mlock.o)
                0x000000000800b040                __malloc_lock
 .text.__malloc_unlock
                0x000000000800b04c        0xc d:/stm32cubeide_1.8.0/stm32cubeide/plugins/com.st.stm32cube.ide.mcu.externaltools.gnu-tools-for-stm32.9-2020-q2-update.win32_2.0.0.202105311346/tools/bin/../lib/gcc/arm-none-eabi/9.3.1/../../../../arm-none-eabi/lib/thumb/v7e-m+fp/softfp\libc_nano.a(lib_a-mlock.o)
                0x000000000800b04c                __malloc_unlock
 .text._realloc_r
                0x000000000800b058       0x4c d:/stm32cubeide_1.8.0/stm32cubeide/plugins/com.st.stm32cube.ide.mcu.externaltools.gnu-tools-for-stm32.9-2020-q2-update.win32_2.0.0.202105311346/tools/bin/../lib/gcc/arm-none-eabi/9.3.1/../../../../arm-none-eabi/lib/thumb/v7e-m+fp/softfp\libc_nano.a(lib_a-nano-reallocr.o)
                0x000000000800b058                _realloc_r
 .text.__sfputc_r
                0x000000000800b0a4       0x2e d:/stm32cubeide_1.8.0/stm32cubeide/plugins/com.st.stm32cube.ide.mcu.externaltools.gnu-tools-for-stm32.9-2020-q2-update.win32_2.0.0.202105311346/tools/bin/../lib/gcc/arm-none-eabi/9.3.1/../../../../arm-none-eabi/lib/thumb/v7e-m+fp/softfp\libc_nano.a(lib_a-nano-vfprintf.o)
 .text.__sfputs_r
                0x000000000800b0d2       0x24 d:/stm32cubeide_1.8.0/stm32cubeide/plugins/com.st.stm32cube.ide.mcu.externaltools.gnu-tools-for-stm32.9-2020-q2-update.win32_2.0.0.202105311346/tools/bin/../lib/gcc/arm-none-eabi/9.3.1/../../../../arm-none-eabi/lib/thumb/v7e-m+fp/softfp\libc_nano.a(lib_a-nano-vfprintf.o)
                0x000000000800b0d2                __sfputs_r
 *fill*         0x000000000800b0f6        0x2 
 .text._vfprintf_r
                0x000000000800b0f8      0x260 d:/stm32cubeide_1.8.0/stm32cubeide/plugins/com.st.stm32cube.ide.mcu.externaltools.gnu-tools-for-stm32.9-2020-q2-update.win32_2.0.0.202105311346/tools/bin/../lib/gcc/arm-none-eabi/9.3.1/../../../../arm-none-eabi/lib/thumb/v7e-m+fp/softfp\libc_nano.a(lib_a-nano-vfprintf.o)
                0x000000000800b0f8                _vfprintf_r
                0x000000000800b0f8                _vfiprintf_r
 .text.__swbuf_r
                0x000000000800b358       0xa4 d:/stm32cubeide_1.8.0/stm32cubeide/plugins/com.st.stm32cube.ide.mcu.externaltools.gnu-tools-for-stm32.9-2020-q2-update.win32_2.0.0.202105311346/tools/bin/../lib/gcc/arm-none-eabi/9.3.1/../../../../arm-none-eabi/lib/thumb/v7e-m+fp/softfp\libc_nano.a(lib_a-wbuf.o)
                0x000000000800b358                __swbuf_r
 .text.__swsetup_r
                0x000000000800b3fc       0xdc d:/stm32cubeide_1.8.0/stm32cubeide/plugins/com.st.stm32cube.ide.mcu.externaltools.gnu-tools-for-stm32.9-2020-q2-update.win32_2.0.0.202105311346/tools/bin/../lib/gcc/arm-none-eabi/9.3.1/../../../../arm-none-eabi/lib/thumb/v7e-m+fp/softfp\libc_nano.a(lib_a-wsetup.o)
                0x000000000800b3fc                __swsetup_r
 .text.abort    0x000000000800b4d8        0xe d:/stm32cubeide_1.8.0/stm32cubeide/plugins/com.st.stm32cube.ide.mcu.externaltools.gnu-tools-for-stm32.9-2020-q2-update.win32_2.0.0.202105311346/tools/bin/../lib/gcc/arm-none-eabi/9.3.1/../../../../arm-none-eabi/lib/thumb/v7e-m+fp/softfp\libc_nano.a(lib_a-abort.o)
                0x000000000800b4d8                abort
 *fill*         0x000000000800b4e6        0x2 
 .text.__sflush_r
                0x000000000800b4e8      0x10c d:/stm32cubeide_1.8.0/stm32cubeide/plugins/com.st.stm32cube.ide.mcu.externaltools.gnu-tools-for-stm32.9-2020-q2-update.win32_2.0.0.202105311346/tools/bin/../lib/gcc/arm-none-eabi/9.3.1/../../../../arm-none-eabi/lib/thumb/v7e-m+fp/softfp\libc_nano.a(lib_a-fflush.o)
                0x000000000800b4e8                __sflush_r
 .text._fflush_r
                0x000000000800b5f4       0x78 d:/stm32cubeide_1.8.0/stm32cubeide/plugins/com.st.stm32cube.ide.mcu.externaltools.gnu-tools-for-stm32.9-2020-q2-update.win32_2.0.0.202105311346/tools/bin/../lib/gcc/arm-none-eabi/9.3.1/../../../../arm-none-eabi/lib/thumb/v7e-m+fp/softfp\libc_nano.a(lib_a-fflush.o)
                0x000000000800b5f4                _fflush_r
 .text.std      0x000000000800b66c       0x48 d:/stm32cubeide_1.8.0/stm32cubeide/plugins/com.st.stm32cube.ide.mcu.externaltools.gnu-tools-for-stm32.9-2020-q2-update.win32_2.0.0.202105311346/tools/bin/../lib/gcc/arm-none-eabi/9.3.1/../../../../arm-none-eabi/lib/thumb/v7e-m+fp/softfp\libc_nano.a(lib_a-findfp.o)
 .text._cleanup_r
                0x000000000800b6b4        0xc d:/stm32cubeide_1.8.0/stm32cubeide/plugins/com.st.stm32cube.ide.mcu.externaltools.gnu-tools-for-stm32.9-2020-q2-update.win32_2.0.0.202105311346/tools/bin/../lib/gcc/arm-none-eabi/9.3.1/../../../../arm-none-eabi/lib/thumb/v7e-m+fp/softfp\libc_nano.a(lib_a-findfp.o)
                0x000000000800b6b4                _cleanup_r
 .text.__sfmoreglue
                0x000000000800b6c0       0x2c d:/stm32cubeide_1.8.0/stm32cubeide/plugins/com.st.stm32cube.ide.mcu.externaltools.gnu-tools-for-stm32.9-2020-q2-update.win32_2.0.0.202105311346/tools/bin/../lib/gcc/arm-none-eabi/9.3.1/../../../../arm-none-eabi/lib/thumb/v7e-m+fp/softfp\libc_nano.a(lib_a-findfp.o)
                0x000000000800b6c0                __sfmoreglue
 .text.__sfp_lock_acquire
                0x000000000800b6ec        0xc d:/stm32cubeide_1.8.0/stm32cubeide/plugins/com.st.stm32cube.ide.mcu.externaltools.gnu-tools-for-stm32.9-2020-q2-update.win32_2.0.0.202105311346/tools/bin/../lib/gcc/arm-none-eabi/9.3.1/../../../../arm-none-eabi/lib/thumb/v7e-m+fp/softfp\libc_nano.a(lib_a-findfp.o)
                0x000000000800b6ec                __sfp_lock_acquire
 .text.__sfp_lock_release
                0x000000000800b6f8        0xc d:/stm32cubeide_1.8.0/stm32cubeide/plugins/com.st.stm32cube.ide.mcu.externaltools.gnu-tools-for-stm32.9-2020-q2-update.win32_2.0.0.202105311346/tools/bin/../lib/gcc/arm-none-eabi/9.3.1/../../../../arm-none-eabi/lib/thumb/v7e-m+fp/softfp\libc_nano.a(lib_a-findfp.o)
                0x000000000800b6f8                __sfp_lock_release
 .text.__sinit_lock_acquire
                0x000000000800b704        0xc d:/stm32cubeide_1.8.0/stm32cubeide/plugins/com.st.stm32cube.ide.mcu.externaltools.gnu-tools-for-stm32.9-2020-q2-update.win32_2.0.0.202105311346/tools/bin/../lib/gcc/arm-none-eabi/9.3.1/../../../../arm-none-eabi/lib/thumb/v7e-m+fp/softfp\libc_nano.a(lib_a-findfp.o)
                0x000000000800b704                __sinit_lock_acquire
 .text.__sinit_lock_release
                0x000000000800b710        0xc d:/stm32cubeide_1.8.0/stm32cubeide/plugins/com.st.stm32cube.ide.mcu.externaltools.gnu-tools-for-stm32.9-2020-q2-update.win32_2.0.0.202105311346/tools/bin/../lib/gcc/arm-none-eabi/9.3.1/../../../../arm-none-eabi/lib/thumb/v7e-m+fp/softfp\libc_nano.a(lib_a-findfp.o)
                0x000000000800b710                __sinit_lock_release
 .text.__sinit  0x000000000800b71c       0x70 d:/stm32cubeide_1.8.0/stm32cubeide/plugins/com.st.stm32cube.ide.mcu.externaltools.gnu-tools-for-stm32.9-2020-q2-update.win32_2.0.0.202105311346/tools/bin/../lib/gcc/arm-none-eabi/9.3.1/../../../../arm-none-eabi/lib/thumb/v7e-m+fp/softfp\libc_nano.a(lib_a-findfp.o)
                0x000000000800b71c                __sinit
 .text.__sfp    0x000000000800b78c       0x8c d:/stm32cubeide_1.8.0/stm32cubeide/plugins/com.st.stm32cube.ide.mcu.externaltools.gnu-tools-for-stm32.9-2020-q2-update.win32_2.0.0.202105311346/tools/bin/../lib/gcc/arm-none-eabi/9.3.1/../../../../arm-none-eabi/lib/thumb/v7e-m+fp/softfp\libc_nano.a(lib_a-findfp.o)
                0x000000000800b78c                __sfp
 .text._fwalk_reent
                0x000000000800b818       0x3e d:/stm32cubeide_1.8.0/stm32cubeide/plugins/com.st.stm32cube.ide.mcu.externaltools.gnu-tools-for-stm32.9-2020-q2-update.win32_2.0.0.202105311346/tools/bin/../lib/gcc/arm-none-eabi/9.3.1/../../../../arm-none-eabi/lib/thumb/v7e-m+fp/softfp\libc_nano.a(lib_a-fwalk.o)
                0x000000000800b818                _fwalk_reent
 .text.__retarget_lock_init_recursive
                0x000000000800b856        0x2 d:/stm32cubeide_1.8.0/stm32cubeide/plugins/com.st.stm32cube.ide.mcu.externaltools.gnu-tools-for-stm32.9-2020-q2-update.win32_2.0.0.202105311346/tools/bin/../lib/gcc/arm-none-eabi/9.3.1/../../../../arm-none-eabi/lib/thumb/v7e-m+fp/softfp\libc_nano.a(lib_a-lock.o)
                0x000000000800b856                __retarget_lock_init_recursive
 .text.__retarget_lock_acquire_recursive
                0x000000000800b858        0x2 d:/stm32cubeide_1.8.0/stm32cubeide/plugins/com.st.stm32cube.ide.mcu.externaltools.gnu-tools-for-stm32.9-2020-q2-update.win32_2.0.0.202105311346/tools/bin/../lib/gcc/arm-none-eabi/9.3.1/../../../../arm-none-eabi/lib/thumb/v7e-m+fp/softfp\libc_nano.a(lib_a-lock.o)
                0x000000000800b858                __retarget_lock_acquire_recursive
 .text.__retarget_lock_release_recursive
                0x000000000800b85a        0x2 d:/stm32cubeide_1.8.0/stm32cubeide/plugins/com.st.stm32cube.ide.mcu.externaltools.gnu-tools-for-stm32.9-2020-q2-update.win32_2.0.0.202105311346/tools/bin/../lib/gcc/arm-none-eabi/9.3.1/../../../../arm-none-eabi/lib/thumb/v7e-m+fp/softfp\libc_nano.a(lib_a-lock.o)
                0x000000000800b85a                __retarget_lock_release_recursive
 .text.__swhatbuf_r
                0x000000000800b85c       0x48 d:/stm32cubeide_1.8.0/stm32cubeide/plugins/com.st.stm32cube.ide.mcu.externaltools.gnu-tools-for-stm32.9-2020-q2-update.win32_2.0.0.202105311346/tools/bin/../lib/gcc/arm-none-eabi/9.3.1/../../../../arm-none-eabi/lib/thumb/v7e-m+fp/softfp\libc_nano.a(lib_a-makebuf.o)
                0x000000000800b85c                __swhatbuf_r
 .text.__smakebuf_r
                0x000000000800b8a4       0x80 d:/stm32cubeide_1.8.0/stm32cubeide/plugins/com.st.stm32cube.ide.mcu.externaltools.gnu-tools-for-stm32.9-2020-q2-update.win32_2.0.0.202105311346/tools/bin/../lib/gcc/arm-none-eabi/9.3.1/../../../../arm-none-eabi/lib/thumb/v7e-m+fp/softfp\libc_nano.a(lib_a-makebuf.o)
                0x000000000800b8a4                __smakebuf_r
 .text._malloc_usable_size_r
                0x000000000800b924       0x10 d:/stm32cubeide_1.8.0/stm32cubeide/plugins/com.st.stm32cube.ide.mcu.externaltools.gnu-tools-for-stm32.9-2020-q2-update.win32_2.0.0.202105311346/tools/bin/../lib/gcc/arm-none-eabi/9.3.1/../../../../arm-none-eabi/lib/thumb/v7e-m+fp/softfp\libc_nano.a(lib_a-nano-msizer.o)
                0x000000000800b924                _malloc_usable_size_r
 .text._raise_r
                0x000000000800b934       0x50 d:/stm32cubeide_1.8.0/stm32cubeide/plugins/com.st.stm32cube.ide.mcu.externaltools.gnu-tools-for-stm32.9-2020-q2-update.win32_2.0.0.202105311346/tools/bin/../lib/gcc/arm-none-eabi/9.3.1/../../../../arm-none-eabi/lib/thumb/v7e-m+fp/softfp\libc_nano.a(lib_a-signal.o)
                0x000000000800b934                _raise_r
 .text.raise    0x000000000800b984       0x10 d:/stm32cubeide_1.8.0/stm32cubeide/plugins/com.st.stm32cube.ide.mcu.externaltools.gnu-tools-for-stm32.9-2020-q2-update.win32_2.0.0.202105311346/tools/bin/../lib/gcc/arm-none-eabi/9.3.1/../../../../arm-none-eabi/lib/thumb/v7e-m+fp/softfp\libc_nano.a(lib_a-signal.o)
                0x000000000800b984                raise
 .text._kill_r  0x000000000800b994       0x24 d:/stm32cubeide_1.8.0/stm32cubeide/plugins/com.st.stm32cube.ide.mcu.externaltools.gnu-tools-for-stm32.9-2020-q2-update.win32_2.0.0.202105311346/tools/bin/../lib/gcc/arm-none-eabi/9.3.1/../../../../arm-none-eabi/lib/thumb/v7e-m+fp/softfp\libc_nano.a(lib_a-signalr.o)
                0x000000000800b994                _kill_r
 .text._getpid_r
                0x000000000800b9b8        0x4 d:/stm32cubeide_1.8.0/stm32cubeide/plugins/com.st.stm32cube.ide.mcu.externaltools.gnu-tools-for-stm32.9-2020-q2-update.win32_2.0.0.202105311346/tools/bin/../lib/gcc/arm-none-eabi/9.3.1/../../../../arm-none-eabi/lib/thumb/v7e-m+fp/softfp\libc_nano.a(lib_a-signalr.o)
                0x000000000800b9b8                _getpid_r
 .text.__sread  0x000000000800b9bc       0x22 d:/stm32cubeide_1.8.0/stm32cubeide/plugins/com.st.stm32cube.ide.mcu.externaltools.gnu-tools-for-stm32.9-2020-q2-update.win32_2.0.0.202105311346/tools/bin/../lib/gcc/arm-none-eabi/9.3.1/../../../../arm-none-eabi/lib/thumb/v7e-m+fp/softfp\libc_nano.a(lib_a-stdio.o)
                0x000000000800b9bc                __sread
 .text.__swrite
                0x000000000800b9de       0x38 d:/stm32cubeide_1.8.0/stm32cubeide/plugins/com.st.stm32cube.ide.mcu.externaltools.gnu-tools-for-stm32.9-2020-q2-update.win32_2.0.0.202105311346/tools/bin/../lib/gcc/arm-none-eabi/9.3.1/../../../../arm-none-eabi/lib/thumb/v7e-m+fp/softfp\libc_nano.a(lib_a-stdio.o)
                0x000000000800b9de                __swrite
 .text.__sseek  0x000000000800ba16       0x24 d:/stm32cubeide_1.8.0/stm32cubeide/plugins/com.st.stm32cube.ide.mcu.externaltools.gnu-tools-for-stm32.9-2020-q2-update.win32_2.0.0.202105311346/tools/bin/../lib/gcc/arm-none-eabi/9.3.1/../../../../arm-none-eabi/lib/thumb/v7e-m+fp/softfp\libc_nano.a(lib_a-stdio.o)
                0x000000000800ba16                __sseek
 .text.__sclose
                0x000000000800ba3a        0x8 d:/stm32cubeide_1.8.0/stm32cubeide/plugins/com.st.stm32cube.ide.mcu.externaltools.gnu-tools-for-stm32.9-2020-q2-update.win32_2.0.0.202105311346/tools/bin/../lib/gcc/arm-none-eabi/9.3.1/../../../../arm-none-eabi/lib/thumb/v7e-m+fp/softfp\libc_nano.a(lib_a-stdio.o)
                0x000000000800ba3a                __sclose
 *fill*         0x000000000800ba42        0x2 
 .text._write_r
                0x000000000800ba44       0x24 d:/stm32cubeide_1.8.0/stm32cubeide/plugins/com.st.stm32cube.ide.mcu.externaltools.gnu-tools-for-stm32.9-2020-q2-update.win32_2.0.0.202105311346/tools/bin/../lib/gcc/arm-none-eabi/9.3.1/../../../../arm-none-eabi/lib/thumb/v7e-m+fp/softfp\libc_nano.a(lib_a-writer.o)
                0x000000000800ba44                _write_r
 .text._close_r
                0x000000000800ba68       0x20 d:/stm32cubeide_1.8.0/stm32cubeide/plugins/com.st.stm32cube.ide.mcu.externaltools.gnu-tools-for-stm32.9-2020-q2-update.win32_2.0.0.202105311346/tools/bin/../lib/gcc/arm-none-eabi/9.3.1/../../../../arm-none-eabi/lib/thumb/v7e-m+fp/softfp\libc_nano.a(lib_a-closer.o)
                0x000000000800ba68                _close_r
 .text._fstat_r
                0x000000000800ba88       0x24 d:/stm32cubeide_1.8.0/stm32cubeide/plugins/com.st.stm32cube.ide.mcu.externaltools.gnu-tools-for-stm32.9-2020-q2-update.win32_2.0.0.202105311346/tools/bin/../lib/gcc/arm-none-eabi/9.3.1/../../../../arm-none-eabi/lib/thumb/v7e-m+fp/softfp\libc_nano.a(lib_a-fstatr.o)
                0x000000000800ba88                _fstat_r
 .text._isatty_r
                0x000000000800baac       0x20 d:/stm32cubeide_1.8.0/stm32cubeide/plugins/com.st.stm32cube.ide.mcu.externaltools.gnu-tools-for-stm32.9-2020-q2-update.win32_2.0.0.202105311346/tools/bin/../lib/gcc/arm-none-eabi/9.3.1/../../../../arm-none-eabi/lib/thumb/v7e-m+fp/softfp\libc_nano.a(lib_a-isattyr.o)
                0x000000000800baac                _isatty_r
 .text._lseek_r
                0x000000000800bacc       0x24 d:/stm32cubeide_1.8.0/stm32cubeide/plugins/com.st.stm32cube.ide.mcu.externaltools.gnu-tools-for-stm32.9-2020-q2-update.win32_2.0.0.202105311346/tools/bin/../lib/gcc/arm-none-eabi/9.3.1/../../../../arm-none-eabi/lib/thumb/v7e-m+fp/softfp\libc_nano.a(lib_a-lseekr.o)
                0x000000000800bacc                _lseek_r
 .text._read_r  0x000000000800baf0       0x24 d:/stm32cubeide_1.8.0/stm32cubeide/plugins/com.st.stm32cube.ide.mcu.externaltools.gnu-tools-for-stm32.9-2020-q2-update.win32_2.0.0.202105311346/tools/bin/../lib/gcc/arm-none-eabi/9.3.1/../../../../arm-none-eabi/lib/thumb/v7e-m+fp/softfp\libc_nano.a(lib_a-readr.o)
                0x000000000800baf0                _read_r
 .text.log      0x000000000800bb14       0x74 d:/stm32cubeide_1.8.0/stm32cubeide/plugins/com.st.stm32cube.ide.mcu.externaltools.gnu-tools-for-stm32.9-2020-q2-update.win32_2.0.0.202105311346/tools/bin/../lib/gcc/arm-none-eabi/9.3.1/../../../../arm-none-eabi/lib/thumb/v7e-m+fp/softfp\libm.a(lib_a-w_log.o)
                0x000000000800bb14                log
 .text.__ieee754_log
                0x000000000800bb88      0x36c d:/stm32cubeide_1.8.0/stm32cubeide/plugins/com.st.stm32cube.ide.mcu.externaltools.gnu-tools-for-stm32.9-2020-q2-update.win32_2.0.0.202105311346/tools/bin/../lib/gcc/arm-none-eabi/9.3.1/../../../../arm-none-eabi/lib/thumb/v7e-m+fp/softfp\libm.a(lib_a-e_log.o)
                0x000000000800bb88                __ieee754_log
 *(.glue_7)
 .glue_7        0x000000000800bef4        0x0 linker stubs
 *(.glue_7t)
 .glue_7t       0x000000000800bef4        0x0 linker stubs
 *(.eh_frame)
 .eh_frame      0x000000000800bef4        0x0 d:/stm32cubeide_1.8.0/stm32cubeide/plugins/com.st.stm32cube.ide.mcu.externaltools.gnu-tools-for-stm32.9-2020-q2-update.win32_2.0.0.202105311346/tools/bin/../lib/gcc/arm-none-eabi/9.3.1/thumb/v7e-m+fp/softfp/crtbegin.o
 *(.init)
 .init          0x000000000800bef4        0x4 d:/stm32cubeide_1.8.0/stm32cubeide/plugins/com.st.stm32cube.ide.mcu.externaltools.gnu-tools-for-stm32.9-2020-q2-update.win32_2.0.0.202105311346/tools/bin/../lib/gcc/arm-none-eabi/9.3.1/thumb/v7e-m+fp/softfp/crti.o
                0x000000000800bef4                _init
 .init          0x000000000800bef8        0x8 d:/stm32cubeide_1.8.0/stm32cubeide/plugins/com.st.stm32cube.ide.mcu.externaltools.gnu-tools-for-stm32.9-2020-q2-update.win32_2.0.0.202105311346/tools/bin/../lib/gcc/arm-none-eabi/9.3.1/thumb/v7e-m+fp/softfp/crtn.o
 *(.fini)
 .fini          0x000000000800bf00        0x4 d:/stm32cubeide_1.8.0/stm32cubeide/plugins/com.st.stm32cube.ide.mcu.externaltools.gnu-tools-for-stm32.9-2020-q2-update.win32_2.0.0.202105311346/tools/bin/../lib/gcc/arm-none-eabi/9.3.1/thumb/v7e-m+fp/softfp/crti.o
                0x000000000800bf00                _fini
 .fini          0x000000000800bf04        0x8 d:/stm32cubeide_1.8.0/stm32cubeide/plugins/com.st.stm32cube.ide.mcu.externaltools.gnu-tools-for-stm32.9-2020-q2-update.win32_2.0.0.202105311346/tools/bin/../lib/gcc/arm-none-eabi/9.3.1/thumb/v7e-m+fp/softfp/crtn.o
                0x000000000800bf0c                . = ALIGN (0x4)
                0x000000000800bf0c                _etext = .

.vfp11_veneer   0x000000000800bf0c        0x0
 .vfp11_veneer  0x000000000800bf0c        0x0 linker stubs

.v4_bx          0x000000000800bf0c        0x0
 .v4_bx         0x000000000800bf0c        0x0 linker stubs

.iplt           0x000000000800bf0c        0x0
 .iplt          0x000000000800bf0c        0x0 d:/stm32cubeide_1.8.0/stm32cubeide/plugins/com.st.stm32cube.ide.mcu.externaltools.gnu-tools-for-stm32.9-2020-q2-update.win32_2.0.0.202105311346/tools/bin/../lib/gcc/arm-none-eabi/9.3.1/thumb/v7e-m+fp/softfp/crtbegin.o

.rodata         0x000000000800bf10     0x20f4
                0x000000000800bf10                . = ALIGN (0x4)
 *(.rodata)
 .rodata        0x000000000800bf10       0xca ./Core/Src/main.o
 *(.rodata*)
 *fill*         0x000000000800bfda        0x2 
 .rodata.init_cmds1
                0x000000000800bfdc       0x38 ./Core/Src/ST7735.o
                0x000000000800bfdc                init_cmds1
 .rodata.init_cmds2
                0x000000000800c014        0xd ./Core/Src/ST7735.o
                0x000000000800c014                init_cmds2
 *fill*         0x000000000800c021        0x3 
 .rodata.init_cmds3
                0x000000000800c024       0x2b ./Core/Src/ST7735.o
                0x000000000800c024                init_cmds3
 *fill*         0x000000000800c04f        0x1 
 .rodata.Font7x10
                0x000000000800c050      0x76c ./Core/Src/fonts.o
 .rodata.Font16x26
                0x000000000800c7bc     0x134c ./Core/Src/fonts.o
 .rodata.AHBPrescTable
                0x000000000800db08       0x10 ./Core/Src/system_stm32l4xx.o
                0x000000000800db08                AHBPrescTable
 .rodata.APBPrescTable
                0x000000000800db18        0x8 ./Core/Src/system_stm32l4xx.o
                0x000000000800db18                APBPrescTable
 .rodata.MSIRangeTable
                0x000000000800db20       0x30 ./Core/Src/system_stm32l4xx.o
                0x000000000800db20                MSIRangeTable
 .rodata._global_impure_ptr
                0x000000000800db50        0x4 d:/stm32cubeide_1.8.0/stm32cubeide/plugins/com.st.stm32cube.ide.mcu.externaltools.gnu-tools-for-stm32.9-2020-q2-update.win32_2.0.0.202105311346/tools/bin/../lib/gcc/arm-none-eabi/9.3.1/../../../../arm-none-eabi/lib/thumb/v7e-m+fp/softfp\libc_nano.a(lib_a-impure.o)
                0x000000000800db50                _global_impure_ptr
 .rodata._printf_float.str1.1
                0x000000000800db54       0x12 d:/stm32cubeide_1.8.0/stm32cubeide/plugins/com.st.stm32cube.ide.mcu.externaltools.gnu-tools-for-stm32.9-2020-q2-update.win32_2.0.0.202105311346/tools/bin/../lib/gcc/arm-none-eabi/9.3.1/../../../../arm-none-eabi/lib/thumb/v7e-m+fp/softfp\libc_nano.a(lib_a-nano-vfprintf_float.o)
 .rodata._printf_i.str1.1
                0x000000000800db66       0x22 d:/stm32cubeide_1.8.0/stm32cubeide/plugins/com.st.stm32cube.ide.mcu.externaltools.gnu-tools-for-stm32.9-2020-q2-update.win32_2.0.0.202105311346/tools/bin/../lib/gcc/arm-none-eabi/9.3.1/../../../../arm-none-eabi/lib/thumb/v7e-m+fp/softfp\libc_nano.a(lib_a-nano-vfprintf_i.o)
 .rodata._scanf_float.str1.1
                0x000000000800db88        0x5 d:/stm32cubeide_1.8.0/stm32cubeide/plugins/com.st.stm32cube.ide.mcu.externaltools.gnu-tools-for-stm32.9-2020-q2-update.win32_2.0.0.202105311346/tools/bin/../lib/gcc/arm-none-eabi/9.3.1/../../../../arm-none-eabi/lib/thumb/v7e-m+fp/softfp\libc_nano.a(lib_a-nano-vfscanf_float.o)
                                          0x6 (size before relaxing)
 .rodata._strtod_l.str1.1
                0x000000000800db8d        0x5 d:/stm32cubeide_1.8.0/stm32cubeide/plugins/com.st.stm32cube.ide.mcu.externaltools.gnu-tools-for-stm32.9-2020-q2-update.win32_2.0.0.202105311346/tools/bin/../lib/gcc/arm-none-eabi/9.3.1/../../../../arm-none-eabi/lib/thumb/v7e-m+fp/softfp\libc_nano.a(lib_a-strtod.o)
                                          0xd (size before relaxing)
 *fill*         0x000000000800db8d        0x3 
 .rodata.fpi.7583
                0x000000000800db90       0x14 d:/stm32cubeide_1.8.0/stm32cubeide/plugins/com.st.stm32cube.ide.mcu.externaltools.gnu-tools-for-stm32.9-2020-q2-update.win32_2.0.0.202105311346/tools/bin/../lib/gcc/arm-none-eabi/9.3.1/../../../../arm-none-eabi/lib/thumb/v7e-m+fp/softfp\libc_nano.a(lib_a-strtod.o)
 .rodata.fpinan.7619
                0x000000000800dba4       0x14 d:/stm32cubeide_1.8.0/stm32cubeide/plugins/com.st.stm32cube.ide.mcu.externaltools.gnu-tools-for-stm32.9-2020-q2-update.win32_2.0.0.202105311346/tools/bin/../lib/gcc/arm-none-eabi/9.3.1/../../../../arm-none-eabi/lib/thumb/v7e-m+fp/softfp\libc_nano.a(lib_a-strtod.o)
 .rodata.tinytens
                0x000000000800dbb8       0x28 d:/stm32cubeide_1.8.0/stm32cubeide/plugins/com.st.stm32cube.ide.mcu.externaltools.gnu-tools-for-stm32.9-2020-q2-update.win32_2.0.0.202105311346/tools/bin/../lib/gcc/arm-none-eabi/9.3.1/../../../../arm-none-eabi/lib/thumb/v7e-m+fp/softfp\libc_nano.a(lib_a-strtod.o)
 .rodata._ctype_
                0x000000000800dbe0      0x101 d:/stm32cubeide_1.8.0/stm32cubeide/plugins/com.st.stm32cube.ide.mcu.externaltools.gnu-tools-for-stm32.9-2020-q2-update.win32_2.0.0.202105311346/tools/bin/../lib/gcc/arm-none-eabi/9.3.1/../../../../arm-none-eabi/lib/thumb/v7e-m+fp/softfp\libc_nano.a(lib_a-ctype_.o)
                0x000000000800dbe0                _ctype_
 .rodata._dtoa_r.str1.1
                0x000000000800dce1       0x94 d:/stm32cubeide_1.8.0/stm32cubeide/plugins/com.st.stm32cube.ide.mcu.externaltools.gnu-tools-for-stm32.9-2020-q2-update.win32_2.0.0.202105311346/tools/bin/../lib/gcc/arm-none-eabi/9.3.1/../../../../arm-none-eabi/lib/thumb/v7e-m+fp/softfp\libc_nano.a(lib_a-dtoa.o)
                                         0x96 (size before relaxing)
 .rodata.__gethex.str1.1
                0x000000000800dd75       0x67 d:/stm32cubeide_1.8.0/stm32cubeide/plugins/com.st.stm32cube.ide.mcu.externaltools.gnu-tools-for-stm32.9-2020-q2-update.win32_2.0.0.202105311346/tools/bin/../lib/gcc/arm-none-eabi/9.3.1/../../../../arm-none-eabi/lib/thumb/v7e-m+fp/softfp\libc_nano.a(lib_a-gdtoa-gethex.o)
                                         0x78 (size before relaxing)
 .rodata.str1.1
                0x000000000800dddc        0x2 d:/stm32cubeide_1.8.0/stm32cubeide/plugins/com.st.stm32cube.ide.mcu.externaltools.gnu-tools-for-stm32.9-2020-q2-update.win32_2.0.0.202105311346/tools/bin/../lib/gcc/arm-none-eabi/9.3.1/../../../../arm-none-eabi/lib/thumb/v7e-m+fp/softfp\libc_nano.a(lib_a-lnumeric.o)
                                          0x3 (size before relaxing)
 *fill*         0x000000000800ddde        0x2 
 .rodata._C_numeric_locale
                0x000000000800dde0        0xc d:/stm32cubeide_1.8.0/stm32cubeide/plugins/com.st.stm32cube.ide.mcu.externaltools.gnu-tools-for-stm32.9-2020-q2-update.win32_2.0.0.202105311346/tools/bin/../lib/gcc/arm-none-eabi/9.3.1/../../../../arm-none-eabi/lib/thumb/v7e-m+fp/softfp\libc_nano.a(lib_a-lnumeric.o)
                0x000000000800dde0                _C_numeric_locale
 .rodata._setlocale_r.str1.1
                0x000000000800ddec        0x8 d:/stm32cubeide_1.8.0/stm32cubeide/plugins/com.st.stm32cube.ide.mcu.externaltools.gnu-tools-for-stm32.9-2020-q2-update.win32_2.0.0.202105311346/tools/bin/../lib/gcc/arm-none-eabi/9.3.1/../../../../arm-none-eabi/lib/thumb/v7e-m+fp/softfp\libc_nano.a(lib_a-locale.o)
                                          0x9 (size before relaxing)
 .rodata.str1.1
                0x000000000800ddf4        0x2 d:/stm32cubeide_1.8.0/stm32cubeide/plugins/com.st.stm32cube.ide.mcu.externaltools.gnu-tools-for-stm32.9-2020-q2-update.win32_2.0.0.202105311346/tools/bin/../lib/gcc/arm-none-eabi/9.3.1/../../../../arm-none-eabi/lib/thumb/v7e-m+fp/softfp\libc_nano.a(lib_a-locale.o)
 .rodata._Balloc.str1.1
                0x000000000800ddf4       0x60 d:/stm32cubeide_1.8.0/stm32cubeide/plugins/com.st.stm32cube.ide.mcu.externaltools.gnu-tools-for-stm32.9-2020-q2-update.win32_2.0.0.202105311346/tools/bin/../lib/gcc/arm-none-eabi/9.3.1/../../../../arm-none-eabi/lib/thumb/v7e-m+fp/softfp\libc_nano.a(lib_a-mprec.o)
                                         0x77 (size before relaxing)
 .rodata.__multadd.str1.1
                0x000000000800de54       0x11 d:/stm32cubeide_1.8.0/stm32cubeide/plugins/com.st.stm32cube.ide.mcu.externaltools.gnu-tools-for-stm32.9-2020-q2-update.win32_2.0.0.202105311346/tools/bin/../lib/gcc/arm-none-eabi/9.3.1/../../../../arm-none-eabi/lib/thumb/v7e-m+fp/softfp\libc_nano.a(lib_a-mprec.o)
 *fill*         0x000000000800de54        0x4 
 .rodata.__mprec_bigtens
                0x000000000800de58       0x28 d:/stm32cubeide_1.8.0/stm32cubeide/plugins/com.st.stm32cube.ide.mcu.externaltools.gnu-tools-for-stm32.9-2020-q2-update.win32_2.0.0.202105311346/tools/bin/../lib/gcc/arm-none-eabi/9.3.1/../../../../arm-none-eabi/lib/thumb/v7e-m+fp/softfp\libc_nano.a(lib_a-mprec.o)
                0x000000000800de58                __mprec_bigtens
 .rodata.__mprec_tens
                0x000000000800de80       0xc8 d:/stm32cubeide_1.8.0/stm32cubeide/plugins/com.st.stm32cube.ide.mcu.externaltools.gnu-tools-for-stm32.9-2020-q2-update.win32_2.0.0.202105311346/tools/bin/../lib/gcc/arm-none-eabi/9.3.1/../../../../arm-none-eabi/lib/thumb/v7e-m+fp/softfp\libc_nano.a(lib_a-mprec.o)
                0x000000000800de80                __mprec_tens
 .rodata.p05.7513
                0x000000000800df48        0xc d:/stm32cubeide_1.8.0/stm32cubeide/plugins/com.st.stm32cube.ide.mcu.externaltools.gnu-tools-for-stm32.9-2020-q2-update.win32_2.0.0.202105311346/tools/bin/../lib/gcc/arm-none-eabi/9.3.1/../../../../arm-none-eabi/lib/thumb/v7e-m+fp/softfp\libc_nano.a(lib_a-mprec.o)
 .rodata._svfprintf_r.str1.1
                0x000000000800df54       0x11 d:/stm32cubeide_1.8.0/stm32cubeide/plugins/com.st.stm32cube.ide.mcu.externaltools.gnu-tools-for-stm32.9-2020-q2-update.win32_2.0.0.202105311346/tools/bin/../lib/gcc/arm-none-eabi/9.3.1/../../../../arm-none-eabi/lib/thumb/v7e-m+fp/softfp\libc_nano.a(lib_a-nano-svfprintf.o)
 .rodata.__assert_func.str1.1
                0x000000000800df65       0x3c d:/stm32cubeide_1.8.0/stm32cubeide/plugins/com.st.stm32cube.ide.mcu.externaltools.gnu-tools-for-stm32.9-2020-q2-update.win32_2.0.0.202105311346/tools/bin/../lib/gcc/arm-none-eabi/9.3.1/../../../../arm-none-eabi/lib/thumb/v7e-m+fp/softfp\libc_nano.a(lib_a-assert.o)
                                         0x3d (size before relaxing)
 .rodata._vfprintf_r.str1.1
                0x000000000800dfa1       0x11 d:/stm32cubeide_1.8.0/stm32cubeide/plugins/com.st.stm32cube.ide.mcu.externaltools.gnu-tools-for-stm32.9-2020-q2-update.win32_2.0.0.202105311346/tools/bin/../lib/gcc/arm-none-eabi/9.3.1/../../../../arm-none-eabi/lib/thumb/v7e-m+fp/softfp\libc_nano.a(lib_a-nano-vfprintf.o)
 *fill*         0x000000000800dfa1        0x3 
 .rodata.__sf_fake_stderr
                0x000000000800dfa4       0x20 d:/stm32cubeide_1.8.0/stm32cubeide/plugins/com.st.stm32cube.ide.mcu.externaltools.gnu-tools-for-stm32.9-2020-q2-update.win32_2.0.0.202105311346/tools/bin/../lib/gcc/arm-none-eabi/9.3.1/../../../../arm-none-eabi/lib/thumb/v7e-m+fp/softfp\libc_nano.a(lib_a-findfp.o)
                0x000000000800dfa4                __sf_fake_stderr
 .rodata.__sf_fake_stdin
                0x000000000800dfc4       0x20 d:/stm32cubeide_1.8.0/stm32cubeide/plugins/com.st.stm32cube.ide.mcu.externaltools.gnu-tools-for-stm32.9-2020-q2-update.win32_2.0.0.202105311346/tools/bin/../lib/gcc/arm-none-eabi/9.3.1/../../../../arm-none-eabi/lib/thumb/v7e-m+fp/softfp\libc_nano.a(lib_a-findfp.o)
                0x000000000800dfc4                __sf_fake_stdin
 .rodata.__sf_fake_stdout
                0x000000000800dfe4       0x20 d:/stm32cubeide_1.8.0/stm32cubeide/plugins/com.st.stm32cube.ide.mcu.externaltools.gnu-tools-for-stm32.9-2020-q2-update.win32_2.0.0.202105311346/tools/bin/../lib/gcc/arm-none-eabi/9.3.1/../../../../arm-none-eabi/lib/thumb/v7e-m+fp/softfp\libc_nano.a(lib_a-findfp.o)
                0x000000000800dfe4                __sf_fake_stdout
 .rodata.log.str1.1
                0x000000000800e004        0x1 d:/stm32cubeide_1.8.0/stm32cubeide/plugins/com.st.stm32cube.ide.mcu.externaltools.gnu-tools-for-stm32.9-2020-q2-update.win32_2.0.0.202105311346/tools/bin/../lib/gcc/arm-none-eabi/9.3.1/../../../../arm-none-eabi/lib/thumb/v7e-m+fp/softfp\libm.a(lib_a-w_log.o)
                0x000000000800e008                . = ALIGN (0x4)

.rel.dyn        0x000000000800e004        0x0
 .rel.iplt      0x000000000800e004        0x0 d:/stm32cubeide_1.8.0/stm32cubeide/plugins/com.st.stm32cube.ide.mcu.externaltools.gnu-tools-for-stm32.9-2020-q2-update.win32_2.0.0.202105311346/tools/bin/../lib/gcc/arm-none-eabi/9.3.1/thumb/v7e-m+fp/softfp/crtbegin.o

.ARM.extab      0x000000000800e004        0x0
                0x000000000800e004                . = ALIGN (0x4)
 *(.ARM.extab* .gnu.linkonce.armextab.*)
                0x000000000800e004                . = ALIGN (0x4)

.ARM            0x000000000800e004        0x0
                0x000000000800e004                . = ALIGN (0x4)
                0x000000000800e004                __exidx_start = .
 *(.ARM.exidx*)
                0x000000000800e004                __exidx_end = .
                0x000000000800e004                . = ALIGN (0x4)

.preinit_array  0x000000000800e004        0x0
                0x000000000800e004                . = ALIGN (0x4)
                0x000000000800e004                PROVIDE (__preinit_array_start = .)
 *(.preinit_array*)